Archive member included to satisfy reference by file (symbol)

c:/program files (x86)/atmel/studio/7.0/toolchain/arm/arm-gnu-toolchain/bin/../lib/gcc/arm-none-eabi/6.3.1/../../../../arm-none-eabi/lib/thumb/v7e-m\libc.a(lib_a-exit.o)
                              c:/program files (x86)/atmel/studio/7.0/toolchain/arm/arm-gnu-toolchain/bin/../lib/gcc/arm-none-eabi/6.3.1/../../../../arm-none-eabi/lib/thumb/v7e-m/crt0.o (exit)
c:/program files (x86)/atmel/studio/7.0/toolchain/arm/arm-gnu-toolchain/bin/../lib/gcc/arm-none-eabi/6.3.1/../../../../arm-none-eabi/lib/thumb/v7e-m\libc.a(lib_a-impure.o)
                              c:/program files (x86)/atmel/studio/7.0/toolchain/arm/arm-gnu-toolchain/bin/../lib/gcc/arm-none-eabi/6.3.1/../../../../arm-none-eabi/lib/thumb/v7e-m\libc.a(lib_a-exit.o) (_global_impure_ptr)
c:/program files (x86)/atmel/studio/7.0/toolchain/arm/arm-gnu-toolchain/bin/../lib/gcc/arm-none-eabi/6.3.1/../../../../arm-none-eabi/lib/thumb/v7e-m\libc.a(lib_a-init.o)
                              c:/program files (x86)/atmel/studio/7.0/toolchain/arm/arm-gnu-toolchain/bin/../lib/gcc/arm-none-eabi/6.3.1/../../../../arm-none-eabi/lib/thumb/v7e-m/crt0.o (__libc_init_array)
c:/program files (x86)/atmel/studio/7.0/toolchain/arm/arm-gnu-toolchain/bin/../lib/gcc/arm-none-eabi/6.3.1/../../../../arm-none-eabi/lib/thumb/v7e-m\libc.a(lib_a-memset.o)
                              c:/program files (x86)/atmel/studio/7.0/toolchain/arm/arm-gnu-toolchain/bin/../lib/gcc/arm-none-eabi/6.3.1/../../../../arm-none-eabi/lib/thumb/v7e-m/crt0.o (memset)
c:/program files (x86)/atmel/studio/7.0/toolchain/arm/arm-gnu-toolchain/bin/../lib/gcc/arm-none-eabi/6.3.1/../../../../arm-none-eabi/lib/thumb/v7e-m\libc.a(lib_a-__call_atexit.o)
                              c:/program files (x86)/atmel/studio/7.0/toolchain/arm/arm-gnu-toolchain/bin/../lib/gcc/arm-none-eabi/6.3.1/../../../../arm-none-eabi/lib/thumb/v7e-m\libc.a(lib_a-exit.o) (__call_exitprocs)
c:/program files (x86)/atmel/studio/7.0/toolchain/arm/arm-gnu-toolchain/bin/../lib/gcc/arm-none-eabi/6.3.1/../../../../arm-none-eabi/lib/thumb/v7e-m\libc.a(lib_a-atexit.o)
                              c:/program files (x86)/atmel/studio/7.0/toolchain/arm/arm-gnu-toolchain/bin/../lib/gcc/arm-none-eabi/6.3.1/../../../../arm-none-eabi/lib/thumb/v7e-m\libc.a(lib_a-__call_atexit.o) (atexit)
c:/program files (x86)/atmel/studio/7.0/toolchain/arm/arm-gnu-toolchain/bin/../lib/gcc/arm-none-eabi/6.3.1/../../../../arm-none-eabi/lib/thumb/v7e-m\libc.a(lib_a-fini.o)
                              c:/program files (x86)/atmel/studio/7.0/toolchain/arm/arm-gnu-toolchain/bin/../lib/gcc/arm-none-eabi/6.3.1/../../../../arm-none-eabi/lib/thumb/v7e-m\libc.a(lib_a-__call_atexit.o) (__libc_fini_array)
c:/program files (x86)/atmel/studio/7.0/toolchain/arm/arm-gnu-toolchain/bin/../lib/gcc/arm-none-eabi/6.3.1/../../../../arm-none-eabi/lib/thumb/v7e-m\libc.a(lib_a-lock.o)
                              c:/program files (x86)/atmel/studio/7.0/toolchain/arm/arm-gnu-toolchain/bin/../lib/gcc/arm-none-eabi/6.3.1/../../../../arm-none-eabi/lib/thumb/v7e-m\libc.a(lib_a-__call_atexit.o) (__retarget_lock_acquire_recursive)
c:/program files (x86)/atmel/studio/7.0/toolchain/arm/arm-gnu-toolchain/bin/../lib/gcc/arm-none-eabi/6.3.1/../../../../arm-none-eabi/lib/thumb/v7e-m\libc.a(lib_a-__atexit.o)
                              c:/program files (x86)/atmel/studio/7.0/toolchain/arm/arm-gnu-toolchain/bin/../lib/gcc/arm-none-eabi/6.3.1/../../../../arm-none-eabi/lib/thumb/v7e-m\libc.a(lib_a-atexit.o) (__register_exitproc)

Allocating common symbols
Common symbol       size              file

__lock___atexit_recursive_mutex
                    0x1               c:/program files (x86)/atmel/studio/7.0/toolchain/arm/arm-gnu-toolchain/bin/../lib/gcc/arm-none-eabi/6.3.1/../../../../arm-none-eabi/lib/thumb/v7e-m\libc.a(lib_a-lock.o)
__lock___arc4random_mutex
                    0x1               c:/program files (x86)/atmel/studio/7.0/toolchain/arm/arm-gnu-toolchain/bin/../lib/gcc/arm-none-eabi/6.3.1/../../../../arm-none-eabi/lib/thumb/v7e-m\libc.a(lib_a-lock.o)
ptr_get             0x4               src/ASF/common/utils/stdio/read.o
__lock___env_recursive_mutex
                    0x1               c:/program files (x86)/atmel/studio/7.0/toolchain/arm/arm-gnu-toolchain/bin/../lib/gcc/arm-none-eabi/6.3.1/../../../../arm-none-eabi/lib/thumb/v7e-m\libc.a(lib_a-lock.o)
__lock___sinit_recursive_mutex
                    0x1               c:/program files (x86)/atmel/studio/7.0/toolchain/arm/arm-gnu-toolchain/bin/../lib/gcc/arm-none-eabi/6.3.1/../../../../arm-none-eabi/lib/thumb/v7e-m\libc.a(lib_a-lock.o)
ptr_put             0x4               src/ASF/common/utils/stdio/write.o
__lock___malloc_recursive_mutex
                    0x1               c:/program files (x86)/atmel/studio/7.0/toolchain/arm/arm-gnu-toolchain/bin/../lib/gcc/arm-none-eabi/6.3.1/../../../../arm-none-eabi/lib/thumb/v7e-m\libc.a(lib_a-lock.o)
pio_capture_enable_flag
[...]
Memory Configuration

Name             Origin             Length             Attributes
rom              0x00400000         0x00200000         xr
ram              0x20400000         0x00060000         xrw
*default*        0x00000000         0xffffffff

Linker script and memory map

LOAD c:/program files (x86)/atmel/studio/7.0/toolchain/arm/arm-gnu-toolchain/bin/../lib/gcc/arm-none-eabi/6.3.1/thumb/v7e-m/crti.o
LOAD c:/program files (x86)/atmel/studio/7.0/toolchain/arm/arm-gnu-toolchain/bin/../lib/gcc/arm-none-eabi/6.3.1/thumb/v7e-m/crtbegin.o
LOAD c:/program files (x86)/atmel/studio/7.0/toolchain/arm/arm-gnu-toolchain/bin/../lib/gcc/arm-none-eabi/6.3.1/../../../../arm-none-eabi/lib/thumb/v7e-m/crt0.o
LOAD src/ASF/common/services/clock/same70/sysclk.o
LOAD src/ASF/common/services/serial/usart_serial.o
LOAD src/ASF/common/utils/interrupt/interrupt_sam_nvic.o
LOAD src/ASF/common/utils/stdio/read.o
LOAD src/ASF/common/utils/stdio/write.o
LOAD src/ASF/sam/boards/same70_xplained/init.o
LOAD src/ASF/sam/drivers/mpu/mpu.o
LOAD src/ASF/sam/drivers/pio/pio.o
LOAD src/ASF/sam/drivers/pio/pio_handler.o
LOAD src/ASF/sam/drivers/pmc/pmc.o
LOAD src/ASF/sam/drivers/pmc/sleep.o
LOAD src/ASF/sam/drivers/rtt/rtt.o
LOAD src/ASF/sam/drivers/supc/supc.o
LOAD src/ASF/sam/drivers/uart/uart.o
LOAD src/ASF/sam/drivers/usart/usart.o
LOAD src/ASF/sam/utils/cmsis/same70/source/templates/gcc/startup_same70.o
LOAD src/ASF/sam/utils/cmsis/same70/source/templates/system_same70.o
LOAD src/ASF/sam/utils/syscalls/gcc/syscalls.o
LOAD src/rtt_example.o
START GROUP
LOAD ../src/ASF/thirdparty/CMSIS/Lib/GCC\libarm_cortexM7lfsp_math_softfp.a
LOAD c:/program files (x86)/atmel/studio/7.0/toolchain/arm/arm-gnu-toolchain/bin/../lib/gcc/arm-none-eabi/6.3.1/../../../../arm-none-eabi/lib/thumb/v7e-m\libm.a
END GROUP
START GROUP
LOAD c:/program files (x86)/atmel/studio/7.0/toolchain/arm/arm-gnu-toolchain/bin/../lib/gcc/arm-none-eabi/6.3.1/thumb/v7e-m\libgcc.a
LOAD c:/program files (x86)/atmel/studio/7.0/toolchain/arm/arm-gnu-toolchain/bin/../lib/gcc/arm-none-eabi/6.3.1/../../../../arm-none-eabi/lib/thumb/v7e-m\libc.a
END GROUP
LOAD c:/program files (x86)/atmel/studio/7.0/toolchain/arm/arm-gnu-toolchain/bin/../lib/gcc/arm-none-eabi/6.3.1/thumb/v7e-m/crtend.o
LOAD c:/program files (x86)/atmel/studio/7.0/toolchain/arm/arm-gnu-toolchain/bin/../lib/gcc/arm-none-eabi/6.3.1/thumb/v7e-m/crtn.o
                0x00002000                STACK_SIZE = DEFINED (STACK_SIZE)?STACK_SIZE:0x2000
                0x2045fffc                __ram_end__ = ((ORIGIN (ram) + LENGTH (ram)) - 0x4)
                0x00000200                HEAP_SIZE = DEFINED (HEAP_SIZE)?HEAP_SIZE:0x200

.text           0x00400000      0xd4c
                0x00400000                . = ALIGN (0x4)
                0x00400000                _sfixed = .
 *(.vectors .vectors.*)
 .vectors       0x00400000      0x140 src/ASF/sam/utils/cmsis/same70/source/templates/gcc/startup_same70.o
                0x00400000                exception_table
 *(.text .text.* .gnu.linkonce.t.*)
 .text          0x00400140       0x6c c:/program files (x86)/atmel/studio/7.0/toolchain/arm/arm-gnu-toolchain/bin/../lib/gcc/arm-none-eabi/6.3.1/thumb/v7e-m/crtbegin.o
 .text.sysclk_init
                0x004001ac       0x74 src/ASF/common/services/clock/same70/sysclk.o
                0x004001ac                sysclk_init
 .text.pio_set  0x00400220        0x4 src/ASF/sam/drivers/pio/pio.o
                0x00400220                pio_set
 .text.pio_clear
                0x00400224        0x4 src/ASF/sam/drivers/pio/pio.o
                0x00400224                pio_clear
 .text.pio_set_output
                0x00400228       0x28 src/ASF/sam/drivers/pio/pio.o
                0x00400228                pio_set_output
 .text.pio_get_output_data_status
                0x00400250        0xc src/ASF/sam/drivers/pio/pio.o
                0x00400250                pio_get_output_data_status
 .text.pio_get_interrupt_status
                0x0040025c        0x4 src/ASF/sam/drivers/pio/pio.o
                0x0040025c                pio_get_interrupt_status
 .text.pio_get_interrupt_mask
                0x00400260        0x4 src/ASF/sam/drivers/pio/pio.o
                0x00400260                pio_get_interrupt_mask
 .text.pio_handler_process
                0x00400264       0x50 src/ASF/sam/drivers/pio/pio_handler.o
                0x00400264                pio_handler_process
 .text.PIOA_Handler
                0x004002b4       0x14 src/ASF/sam/drivers/pio/pio_handler.o
                0x004002b4                PIOA_Handler
 .text.PIOB_Handler
                0x004002c8       0x14 src/ASF/sam/drivers/pio/pio_handler.o
                0x004002c8                PIOB_Handler
 .text.PIOC_Handler
                0x004002dc       0x14 src/ASF/sam/drivers/pio/pio_handler.o
                0x004002dc                PIOC_Handler
 .text.PIOD_Handler
                0x004002f0       0x14 src/ASF/sam/drivers/pio/pio_handler.o
                0x004002f0                PIOD_Handler
 .text.PIOE_Handler
                0x00400304       0x14 src/ASF/sam/drivers/pio/pio_handler.o
                0x00400304                PIOE_Handler
 .text.pmc_mck_set_division
                0x00400318       0x38 src/ASF/sam/drivers/pmc/pmc.o
                0x00400318                pmc_mck_set_division
 .text.pmc_switch_mck_to_pllack
                0x00400350       0x64 src/ASF/sam/drivers/pmc/pmc.o
                0x00400350                pmc_switch_mck_to_pllack
 .text.pmc_switch_mainck_to_xtal
                0x004003b4       0x54 src/ASF/sam/drivers/pmc/pmc.o
                0x004003b4                pmc_switch_mainck_to_xtal
 .text.pmc_osc_is_ready_mainck
                0x00400408       0x10 src/ASF/sam/drivers/pmc/pmc.o
                0x00400408                pmc_osc_is_ready_mainck
 .text.pmc_disable_pllack
                0x00400418       0x10 src/ASF/sam/drivers/pmc/pmc.o
                0x00400418                pmc_disable_pllack
 .text.pmc_is_locked_pllack
                0x00400428       0x10 src/ASF/sam/drivers/pmc/pmc.o
                0x00400428                pmc_is_locked_pllack
 .text.pmc_enable_periph_clk
                0x00400438       0x54 src/ASF/sam/drivers/pmc/pmc.o
                0x00400438                pmc_enable_periph_clk
 .text.pmc_set_fast_startup_input
                0x0040048c       0x14 src/ASF/sam/drivers/pmc/pmc.o
                0x0040048c                pmc_set_fast_startup_input
 .text.pmc_set_flash_in_wait_mode
                0x004004a0        0x2 src/ASF/sam/drivers/pmc/pmc.o
                0x004004a0                pmc_set_flash_in_wait_mode
 *fill*         0x004004a2        0x2 
 .text.pmc_enable_waitmode
                0x004004a4       0x4c src/ASF/sam/drivers/pmc/pmc.o
                0x004004a4                pmc_enable_waitmode
 .text.pmc_sleep
                0x004004f0      0x274 src/ASF/sam/drivers/pmc/sleep.o
                0x004004f0                pmc_sleep
 .text.rtt_init
                0x00400764       0x14 src/ASF/sam/drivers/rtt/rtt.o
                0x00400764                rtt_init
 .text.rtt_enable
                0x00400778       0x18 src/ASF/sam/drivers/rtt/rtt.o
                0x00400778                rtt_enable
 .text.rtt_enable_interrupt
                0x00400790       0x14 src/ASF/sam/drivers/rtt/rtt.o
                0x00400790                rtt_enable_interrupt
 .text.rtt_disable_interrupt
                0x004007a4       0x14 src/ASF/sam/drivers/rtt/rtt.o
                0x004007a4                rtt_disable_interrupt
 .text.rtt_read_timer_value
                0x004007b8       0x14 src/ASF/sam/drivers/rtt/rtt.o
                0x004007b8                rtt_read_timer_value
 .text.rtt_get_status
                0x004007cc        0x4 src/ASF/sam/drivers/rtt/rtt.o
                0x004007cc                rtt_get_status
 .text.rtt_write_alarm_time
                0x004007d0       0x44 src/ASF/sam/drivers/rtt/rtt.o
                0x004007d0                rtt_write_alarm_time
 .text.supc_set_wakeup_mode
                0x00400814        0x4 src/ASF/sam/drivers/supc/supc.o
                0x00400814                supc_set_wakeup_mode
 .text.Dummy_Handler
                0x00400818        0x2 src/ASF/sam/utils/cmsis/same70/source/templates/gcc/startup_same70.o
                0x00400818                DACC_Handler
                0x00400818                DebugMon_Handler
                0x00400818                UART3_Handler
                0x00400818                UART2_Handler
                0x00400818                TRNG_Handler
                0x00400818                HardFault_Handler
                0x00400818                TC2_Handler
                0x00400818                SysTick_Handler
                0x00400818                AFEC1_Handler
                0x00400818                PendSV_Handler
                0x00400818                NMI_Handler
                0x00400818                TC7_Handler
                0x00400818                QSPI_Handler
                0x00400818                ISI_Handler
                0x00400818                TC9_Handler
                0x00400818                RSWDT_Handler
                0x00400818                MCAN1_Handler
                0x00400818                USART0_Handler
                0x00400818                USBHS_Handler
                0x00400818                RTC_Handler
                0x00400818                UsageFault_Handler
                0x00400818                TC6_Handler
                0x00400818                WDT_Handler
                0x00400818                TC4_Handler
                0x00400818                TC1_Handler
                0x00400818                HSMCI_Handler
                0x00400818                UART1_Handler
                0x00400818                TC3_Handler
                0x00400818                Dummy_Handler
                0x00400818                TWIHS1_Handler
                0x00400818                XDMAC_Handler
                0x00400818                UART4_Handler
                0x00400818                PWM1_Handler
                0x00400818                USART1_Handler
                0x00400818                PWM0_Handler
                0x00400818                AFEC0_Handler
                0x00400818                SSC_Handler
                0x00400818                TC11_Handler
                0x00400818                ACC_Handler
                0x00400818                PMC_Handler
                0x00400818                GMAC_Handler
                0x00400818                MemManage_Handler
                0x00400818                SUPC_Handler
                0x00400818                SVC_Handler
                0x00400818                TC8_Handler
                0x00400818                EFC_Handler
                0x00400818                USART2_Handler
                0x00400818                SDRAMC_Handler
                0x00400818                SPI1_Handler
                0x00400818                MCAN0_Handler
                0x00400818                TC10_Handler
                0x00400818                TWIHS2_Handler
                0x00400818                UART0_Handler
                0x00400818                BusFault_Handler
                0x00400818                RSTC_Handler
                0x00400818                TC0_Handler
                0x00400818                TC5_Handler
                0x00400818                ICM_Handler
                0x00400818                AES_Handler
                0x00400818                TWIHS0_Handler
                0x00400818                SPI0_Handler
 *fill*         0x0040081a        0x2 
 .text.Reset_Handler
                0x0040081c       0xc8 src/ASF/sam/utils/cmsis/same70/source/templates/gcc/startup_same70.o
                0x0040081c                Reset_Handler
 .text.SystemCoreClockUpdate
                0x004008e4      0x10c src/ASF/sam/utils/cmsis/same70/source/templates/system_same70.o
                0x004008e4                SystemCoreClockUpdate
 .text.system_init_flash
                0x004009f0       0x8c src/ASF/sam/utils/cmsis/same70/source/templates/system_same70.o
                0x004009f0                system_init_flash
 .text.pin_toggle
                0x00400a7c       0x2c src/rtt_example.o
                0x00400a7c                pin_toggle
 .text.LED_init
                0x00400aa8       0x2c src/rtt_example.o
                0x00400aa8                LED_init
 .text.RTT_Handler
                0x00400ad4       0x3c src/rtt_example.o
                0x00400ad4                RTT_Handler
 .text.main     0x00400b10       0xa4 src/rtt_example.o
                0x00400b10                main
 .text.__libc_init_array
                0x00400bb4       0x50 c:/program files (x86)/atmel/studio/7.0/toolchain/arm/arm-gnu-toolchain/bin/../lib/gcc/arm-none-eabi/6.3.1/../../../../arm-none-eabi/lib/thumb/v7e-m\libc.a(lib_a-init.o)
                0x00400bb4                __libc_init_array
 .text.startup.register_fini
                0x00400c04       0x14 c:/program files (x86)/atmel/studio/7.0/toolchain/arm/arm-gnu-toolchain/bin/../lib/gcc/arm-none-eabi/6.3.1/../../../../arm-none-eabi/lib/thumb/v7e-m\libc.a(lib_a-__call_atexit.o)
 .text.atexit   0x00400c18        0xc c:/program files (x86)/atmel/studio/7.0/toolchain/arm/arm-gnu-toolchain/bin/../lib/gcc/arm-none-eabi/6.3.1/../../../../arm-none-eabi/lib/thumb/v7e-m\libc.a(lib_a-atexit.o)
                0x00400c18                atexit
 .text.__libc_fini_array
                0x00400c24       0x34 c:/program files (x86)/atmel/studio/7.0/toolchain/arm/arm-gnu-toolchain/bin/../lib/gcc/arm-none-eabi/6.3.1/../../../../arm-none-eabi/lib/thumb/v7e-m\libc.a(lib_a-fini.o)
                0x00400c24                __libc_fini_array
 .text.__retarget_lock_acquire_recursive
                0x00400c58        0x4 c:/program files (x86)/atmel/studio/7.0/toolchain/arm/arm-gnu-toolchain/bin/../lib/gcc/arm-none-eabi/6.3.1/../../../../arm-none-eabi/lib/thumb/v7e-m\libc.a(lib_a-lock.o)
                0x00400c58                __retarget_lock_acquire_recursive
 .text.__retarget_lock_release_recursive
                0x00400c5c        0x4 c:/program files (x86)/atmel/studio/7.0/toolchain/arm/arm-gnu-toolchain/bin/../lib/gcc/arm-none-eabi/6.3.1/../../../../arm-none-eabi/lib/thumb/v7e-m\libc.a(lib_a-lock.o)
                0x00400c5c                __retarget_lock_release_recursive
 .text.__register_exitproc
                0x00400c60       0xc4 c:/program files (x86)/atmel/studio/7.0/toolchain/arm/arm-gnu-toolchain/bin/../lib/gcc/arm-none-eabi/6.3.1/../../../../arm-none-eabi/lib/thumb/v7e-m\libc.a(lib_a-__atexit.o)
                0x00400c60                __register_exitproc
 *(.glue_7t)
 .glue_7t       0x00400d24        0x0 linker stubs
 *(.glue_7)
 .glue_7        0x00400d24        0x0 linker stubs
 *(.rodata .rodata* .gnu.linkonce.r.*)
 .rodata._global_impure_ptr
                0x00400d24        0x4 c:/program files (x86)/atmel/studio/7.0/toolchain/arm/arm-gnu-toolchain/bin/../lib/gcc/arm-none-eabi/6.3.1/../../../../arm-none-eabi/lib/thumb/v7e-m\libc.a(lib_a-impure.o)
                0x00400d24                _global_impure_ptr
 *(.ARM.extab* .gnu.linkonce.armextab.*)
                0x00400d28                . = ALIGN (0x4)
 *(.init)
 .init          0x00400d28        0x4 c:/program files (x86)/atmel/studio/7.0/toolchain/arm/arm-gnu-toolchain/bin/../lib/gcc/arm-none-eabi/6.3.1/thumb/v7e-m/crti.o
                0x00400d28                _init
 .init          0x00400d2c        0x8 c:/program files (x86)/atmel/studio/7.0/toolchain/arm/arm-gnu-toolchain/bin/../lib/gcc/arm-none-eabi/6.3.1/thumb/v7e-m/crtn.o
                0x00400d34                . = ALIGN (0x4)
                0x00400d34                __preinit_array_start = .
 *(.preinit_array)
                0x00400d34                __preinit_array_end = .
                0x00400d34                . = ALIGN (0x4)
                0x00400d34                __init_array_start = .
 *(SORT(.init_array.*))
 .init_array.00000
                0x00400d34        0x4 c:/program files (x86)/atmel/studio/7.0/toolchain/arm/arm-gnu-toolchain/bin/../lib/gcc/arm-none-eabi/6.3.1/../../../../arm-none-eabi/lib/thumb/v7e-m\libc.a(lib_a-__call_atexit.o)
 *(.init_array)
 .init_array    0x00400d38        0x4 c:/program files (x86)/atmel/studio/7.0/toolchain/arm/arm-gnu-toolchain/bin/../lib/gcc/arm-none-eabi/6.3.1/thumb/v7e-m/crtbegin.o
                0x00400d3c                __init_array_end = .
                0x00400d3c                . = ALIGN (0x4)
 *crtbegin.o(.ctors)
 *(EXCLUDE_FILE(*crtend.o) .ctors)
 *(SORT(.ctors.*))
 *crtend.o(.ctors)
                0x00400d3c                . = ALIGN (0x4)
 *(.fini)
 .fini          0x00400d3c        0x4 c:/program files (x86)/atmel/studio/7.0/toolchain/arm/arm-gnu-toolchain/bin/../lib/gcc/arm-none-eabi/6.3.1/thumb/v7e-m/crti.o
                0x00400d3c                _fini
 .fini          0x00400d40        0x8 c:/program files (x86)/atmel/studio/7.0/toolchain/arm/arm-gnu-toolchain/bin/../lib/gcc/arm-none-eabi/6.3.1/thumb/v7e-m/crtn.o
                0x00400d48                . = ALIGN (0x4)
                0x00400d48                __fini_array_start = .
 *(.fini_array)
 .fini_array    0x00400d48        0x4 c:/program files (x86)/atmel/studio/7.0/toolchain/arm/arm-gnu-toolchain/bin/../lib/gcc/arm-none-eabi/6.3.1/thumb/v7e-m/crtbegin.o
 *(SORT(.fini_array.*))
                0x00400d4c                __fini_array_end = .
 *crtbegin.o(.dtors)
 *(EXCLUDE_FILE(*crtend.o) .dtors)
 *(SORT(.dtors.*))
 *crtend.o(.dtors)
                0x00400d4c                . = ALIGN (0x4)
                0x00400d4c                _efixed = .
                [!provide]                PROVIDE (__exidx_start, .)

.vfp11_veneer   0x00400d4c        0x0
 .vfp11_veneer  0x00400d4c        0x0 linker stubs

.v4_bx          0x00400d4c        0x0
 .v4_bx         0x00400d4c        0x0 linker stubs

.iplt           0x00400d4c        0x0
 .iplt          0x00400d4c        0x0 c:/program files (x86)/atmel/studio/7.0/toolchain/arm/arm-gnu-toolchain/bin/../lib/gcc/arm-none-eabi/6.3.1/thumb/v7e-m/crtbegin.o

.eh_frame       0x00400d4c        0x0
 .eh_frame      0x00400d4c        0x0 c:/program files (x86)/atmel/studio/7.0/toolchain/arm/arm-gnu-toolchain/bin/../lib/gcc/arm-none-eabi/6.3.1/thumb/v7e-m/crtbegin.o

.rel.dyn        0x00400d4c        0x0
 .rel.iplt      0x00400d4c        0x0 c:/program files (x86)/atmel/studio/7.0/toolchain/arm/arm-gnu-toolchain/bin/../lib/gcc/arm-none-eabi/6.3.1/thumb/v7e-m/crtbegin.o

.jcr            0x00400d4c        0x0
 .jcr           0x00400d4c        0x0 c:/program files (x86)/atmel/studio/7.0/toolchain/arm/arm-gnu-toolchain/bin/../lib/gcc/arm-none-eabi/6.3.1/thumb/v7e-m/crtbegin.o

.igot.plt       0x00400d4c        0x0
 .igot.plt      0x00400d4c        0x0 c:/program files (x86)/atmel/studio/7.0/toolchain/arm/arm-gnu-toolchain/bin/../lib/gcc/arm-none-eabi/6.3.1/thumb/v7e-m/crtbegin.o

.ARM.exidx
 *(.ARM.exidx* .gnu.linkonce.armexidx.*)
                [!provide]                PROVIDE (__exidx_end, .)
                0x00400d4c                . = ALIGN (0x4)
                0x00400d4c                _etext = .

.relocate       0x20400000      0x434 load address 0x00400d4c
                0x20400000                . = ALIGN (0x4)
                0x20400000                _srelocate = .
 *(.ramfunc .ramfunc.*)
 *(.data .data.*)
 .data.g_interrupt_enabled
                0x20400000        0x1 src/ASF/common/utils/interrupt/interrupt_sam_nvic.o
                0x20400000                g_interrupt_enabled
 *fill*         0x20400001        0x3 
 .data.SystemCoreClock
                0x20400004        0x4 src/ASF/sam/utils/cmsis/same70/source/templates/system_same70.o
                0x20400004                SystemCoreClock
 .data.impure_data
                0x20400008      0x428 c:/program files (x86)/atmel/studio/7.0/toolchain/arm/arm-gnu-toolchain/bin/../lib/gcc/arm-none-eabi/6.3.1/../../../../arm-none-eabi/lib/thumb/v7e-m\libc.a(lib_a-impure.o)
 .data.__atexit_recursive_mutex
                0x20400430        0x4 c:/program files (x86)/atmel/studio/7.0/toolchain/arm/arm-gnu-toolchain/bin/../lib/gcc/arm-none-eabi/6.3.1/../../../../arm-none-eabi/lib/thumb/v7e-m\libc.a(lib_a-__call_atexit.o)
                0x20400430                __atexit_recursive_mutex
                0x20400434                . = ALIGN (0x4)
                0x20400434                _erelocate = .

.bss            0x20400434       0xbc load address 0x00401180
                0x20400434                . = ALIGN (0x4)
                0x20400434                _sbss = .
                0x20400434                _szero = .
 *(.bss .bss.*)
 .bss           0x20400434       0x1c c:/program files (x86)/atmel/studio/7.0/toolchain/arm/arm-gnu-toolchain/bin/../lib/gcc/arm-none-eabi/6.3.1/thumb/v7e-m/crtbegin.o
 .bss.gs_interrupt_sources
                0x20400450       0x70 src/ASF/sam/drivers/pio/pio_handler.o
 .bss.b_is_sleep_clock_used
                0x204004c0        0x1 src/ASF/sam/drivers/pmc/sleep.o
 *fill*         0x204004c1        0x3 
 .bss.callback_clocks_restored
                0x204004c4        0x4 src/ASF/sam/drivers/pmc/sleep.o
 .bss.g_wobits_in_rtt_mr
                0x204004c8        0x4 src/ASF/sam/drivers/rtt/rtt.o
 *(COMMON)
 COMMON         0x204004cc       0x21 c:/program files (x86)/atmel/studio/7.0/toolchain/arm/arm-gnu-toolchain/bin/../lib/gcc/arm-none-eabi/6.3.1/../../../../arm-none-eabi/lib/thumb/v7e-m\libc.a(lib_a-lock.o)
                0x204004cc                __lock___atexit_recursive_mutex
                0x204004d0                __lock___arc4random_mutex
                0x204004d4                __lock___env_recursive_mutex
                0x204004d8                __lock___sinit_recursive_mutex
                0x204004dc                __lock___malloc_recursive_mutex
                0x204004e0                __lock___at_quick_exit_mutex
                0x204004e4                __lock___dd_hash_mutex
                0x204004e8                __lock___tz_mutex
                0x204004ec                __lock___sfp_recursive_mutex
                0x204004f0                . = ALIGN (0x4)
 *fill*         0x204004ed        0x3 
                0x204004f0                _ebss = .
                0x204004f0                _ezero = .

.stack          0x204004f0     0x2000 load address 0x0040123c
                0x204004f0                . = ALIGN (0x8)
                0x204004f0                _sstack = .
                0x204024f0                . = (. + STACK_SIZE)
 *fill*         0x204004f0     0x2000 
                0x204024f0                . = ALIGN (0x8)
                0x204024f0                _estack = .

.heap           0x204024f0      0x200 load address 0x0040323c
                0x204024f0                . = ALIGN (0x8)
                0x204024f0                _sheap = .
                0x204026f0                . = (. + HEAP_SIZE)
 *fill*         0x204024f0      0x200 
                0x204026f0                . = ALIGN (0x8)
                0x204026f0                _eheap = .
                0x204026f0                . = ALIGN (0x4)
                0x204026f0                _end = .
                0x2045ffff                _ram_end_ = ((ORIGIN (ram) + LENGTH (ram)) - 0x1)
OUTPUT(RTT_EXAMPLE1.elf elf32-littlearm)

.ARM.attributes
                0x00000000       0x2e
 .ARM.attributes
                0x00000000       0x1e c:/program files (x86)/atmel/studio/7.0/toolchain/arm/arm-gnu-toolchain/bin/../lib/gcc/arm-none-eabi/6.3.1/thumb/v7e-m/crti.o
 .ARM.attributes
                0x0000001e       0x2e c:/program files (x86)/atmel/studio/7.0/toolchain/arm/arm-gnu-toolchain/bin/../lib/gcc/arm-none-eabi/6.3.1/thumb/v7e-m/crtbegin.o
 .ARM.attributes
                0x0000004c       0x37 src/ASF/common/services/clock/same70/sysclk.o
 .ARM.attributes
                0x00000083       0x37 src/ASF/common/utils/interrupt/interrupt_sam_nvic.o
 .ARM.attributes
                0x000000ba       0x37 src/ASF/sam/drivers/pio/pio.o
 .ARM.attributes
                0x000000f1       0x37 src/ASF/sam/drivers/pio/pio_handler.o
 .ARM.attributes
                0x00000128       0x37 src/ASF/sam/drivers/pmc/pmc.o
 .ARM.attributes
                0x0000015f       0x37 src/ASF/sam/drivers/pmc/sleep.o
 .ARM.attributes
                0x00000196       0x37 src/ASF/sam/drivers/rtt/rtt.o
 .ARM.attributes
                0x000001cd       0x37 src/ASF/sam/drivers/supc/supc.o
 .ARM.attributes
                0x00000204       0x37 src/ASF/sam/utils/cmsis/same70/source/templates/gcc/startup_same70.o
 .ARM.attributes
                0x0000023b       0x37 src/ASF/sam/utils/cmsis/same70/source/templates/system_same70.o
 .ARM.attributes
                0x00000272       0x37 src/rtt_example.o
 .ARM.attributes
                0x000002a9       0x2e c:/program files (x86)/atmel/studio/7.0/toolchain/arm/arm-gnu-toolchain/bin/../lib/gcc/arm-none-eabi/6.3.1/../../../../arm-none-eabi/lib/thumb/v7e-m\libc.a(lib_a-impure.o)
 .ARM.attributes
                0x000002d7       0x2e c:/program files (x86)/atmel/studio/7.0/toolchain/arm/arm-gnu-toolchain/bin/../lib/gcc/arm-none-eabi/6.3.1/../../../../arm-none-eabi/lib/thumb/v7e-m\libc.a(lib_a-init.o)
 .ARM.attributes
                0x00000305       0x2e c:/program files (x86)/atmel/studio/7.0/toolchain/arm/arm-gnu-toolchain/bin/../lib/gcc/arm-none-eabi/6.3.1/../../../../arm-none-eabi/lib/thumb/v7e-m\libc.a(lib_a-__call_atexit.o)
 .ARM.attributes
                0x00000333       0x2e c:/program files (x86)/atmel/studio/7.0/toolchain/arm/arm-gnu-toolchain/bin/../lib/gcc/arm-none-eabi/6.3.1/../../../../arm-none-eabi/lib/thumb/v7e-m\libc.a(lib_a-atexit.o)
 .ARM.attributes
                0x00000361       0x2e c:/program files (x86)/atmel/studio/7.0/toolchain/arm/arm-gnu-toolchain/bin/../lib/gcc/arm-none-eabi/6.3.1/../../../../arm-none-eabi/lib/thumb/v7e-m\libc.a(lib_a-fini.o)
 .ARM.attributes
                0x0000038f       0x2e c:/program files (x86)/atmel/studio/7.0/toolchain/arm/arm-gnu-toolchain/bin/../lib/gcc/arm-none-eabi/6.3.1/../../../../arm-none-eabi/lib/thumb/v7e-m\libc.a(lib_a-lock.o)
 .ARM.attributes
                0x000003bd       0x2e c:/program files (x86)/atmel/studio/7.0/toolchain/arm/arm-gnu-toolchain/bin/../lib/gcc/arm-none-eabi/6.3.1/../../../../arm-none-eabi/lib/thumb/v7e-m\libc.a(lib_a-__atexit.o)
 .ARM.attributes
                0x000003eb       0x1e c:/program files (x86)/atmel/studio/7.0/toolchain/arm/arm-gnu-toolchain/bin/../lib/gcc/arm-none-eabi/6.3.1/thumb/v7e-m/crtn.o

.comment        0x00000000       0x59
 .comment       0x00000000       0x59 src/ASF/common/services/clock/same70/sysclk.o
                                 0x5a (size before relaxing)
 .comment       0x00000059       0x5a src/ASF/common/utils/interrupt/interrupt_sam_nvic.o
 .comment       0x00000059       0x5a src/ASF/sam/drivers/pio/pio.o
 .comment       0x00000059       0x5a src/ASF/sam/drivers/pio/pio_handler.o
 .comment       0x00000059       0x5a src/ASF/sam/drivers/pmc/pmc.o
 .comment       0x00000059       0x5a src/ASF/sam/drivers/pmc/sleep.o
 .comment       0x00000059       0x5a src/ASF/sam/drivers/rtt/rtt.o
 .comment       0x00000059       0x5a src/ASF/sam/drivers/supc/supc.o
 .comment       0x00000059       0x5a src/ASF/sam/utils/cmsis/same70/source/templates/gcc/startup_same70.o
 .comment       0x00000059       0x5a src/ASF/sam/utils/cmsis/same70/source/templates/system_same70.o
 .comment       0x00000059       0x5a src/rtt_example.o

.debug_info     0x00000000     0xdb0c
 .debug_info    0x00000000     0x126a src/ASF/common/services/clock/same70/sysclk.o
 .debug_info    0x0000126a      0xb01 src/ASF/common/utils/interrupt/interrupt_sam_nvic.o
 .debug_info    0x00001d6b     0x2150 src/ASF/sam/drivers/pio/pio.o
 .debug_info    0x00003ebb     0x1b22 src/ASF/sam/drivers/pio/pio_handler.o
 .debug_info    0x000059dd     0x1e0e src/ASF/sam/drivers/pmc/pmc.o
 .debug_info    0x000077eb     0x165a src/ASF/sam/drivers/pmc/sleep.o
 .debug_info    0x00008e45      0xcd1 src/ASF/sam/drivers/rtt/rtt.o
 .debug_info    0x00009b16      0xeb0 src/ASF/sam/drivers/supc/supc.o
 .debug_info    0x0000a9c6     0x156a src/ASF/sam/utils/cmsis/same70/source/templates/gcc/startup_same70.o
 .debug_info    0x0000bf30      0x55b src/ASF/sam/utils/cmsis/same70/source/templates/system_same70.o
 .debug_info    0x0000c48b     0x1681 src/rtt_example.o

.debug_abbrev   0x00000000     0x1e6b
 .debug_abbrev  0x00000000      0x31f src/ASF/common/services/clock/same70/sysclk.o
 .debug_abbrev  0x0000031f      0x212 src/ASF/common/utils/interrupt/interrupt_sam_nvic.o
 .debug_abbrev  0x00000531      0x410 src/ASF/sam/drivers/pio/pio.o
 .debug_abbrev  0x00000941      0x32f src/ASF/sam/drivers/pio/pio_handler.o
 .debug_abbrev  0x00000c70      0x369 src/ASF/sam/drivers/pmc/pmc.o
 .debug_abbrev  0x00000fd9      0x32b src/ASF/sam/drivers/pmc/sleep.o
 .debug_abbrev  0x00001304      0x256 src/ASF/sam/drivers/rtt/rtt.o
 .debug_abbrev  0x0000155a      0x245 src/ASF/sam/drivers/supc/supc.o
 .debug_abbrev  0x0000179f      0x2e4 src/ASF/sam/utils/cmsis/same70/source/templates/gcc/startup_same70.o
 .debug_abbrev  0x00001a83      0x102 src/ASF/sam/utils/cmsis/same70/source/templates/system_same70.o
 .debug_abbrev  0x00001b85      0x2e6 src/rtt_example.o

.debug_loc      0x00000000     0x2b7c
 .debug_loc     0x00000000      0x183 src/ASF/common/services/clock/same70/sysclk.o
 .debug_loc     0x00000183      0xea4 src/ASF/sam/drivers/pio/pio.o
 .debug_loc     0x00001027      0x588 src/ASF/sam/drivers/pio/pio_handler.o
 .debug_loc     0x000015af      0xce3 src/ASF/sam/drivers/pmc/pmc.o
 .debug_loc     0x00002292      0x389 src/ASF/sam/drivers/pmc/sleep.o
 .debug_loc     0x0000261b      0x1c7 src/ASF/sam/drivers/rtt/rtt.o
 .debug_loc     0x000027e2      0x1e8 src/ASF/sam/drivers/supc/supc.o
 .debug_loc     0x000029ca       0x77 src/ASF/sam/utils/cmsis/same70/source/templates/gcc/startup_same70.o
 .debug_loc     0x00002a41      0x13b src/rtt_example.o

.debug_aranges  0x00000000      0x690
 .debug_aranges
                0x00000000       0x40 src/ASF/common/services/clock/same70/sysclk.o
 .debug_aranges
                0x00000040       0x28 src/ASF/common/utils/interrupt/interrupt_sam_nvic.o
 .debug_aranges
                0x00000068      0x1a8 src/ASF/sam/drivers/pio/pio.o
 .debug_aranges
                0x00000210       0x60 src/ASF/sam/drivers/pio/pio_handler.o
 .debug_aranges
                0x00000270      0x250 src/ASF/sam/drivers/pmc/pmc.o
 .debug_aranges
                0x000004c0       0x30 src/ASF/sam/drivers/pmc/sleep.o
 .debug_aranges
                0x000004f0       0x60 src/ASF/sam/drivers/rtt/rtt.o
 .debug_aranges
                0x00000550       0xb0 src/ASF/sam/drivers/supc/supc.o
 .debug_aranges
                0x00000600       0x28 src/ASF/sam/utils/cmsis/same70/source/templates/gcc/startup_same70.o
 .debug_aranges
                0x00000628       0x30 src/ASF/sam/utils/cmsis/same70/source/templates/system_same70.o
 .debug_aranges
                0x00000658       0x38 src/rtt_example.o

.debug_ranges   0x00000000      0x730
 .debug_ranges  0x00000000       0x30 src/ASF/common/services/clock/same70/sysclk.o
 .debug_ranges  0x00000030       0x18 src/ASF/common/utils/interrupt/interrupt_sam_nvic.o
 .debug_ranges  0x00000048      0x2a0 src/ASF/sam/drivers/pio/pio.o
 .debug_ranges  0x000002e8       0x68 src/ASF/sam/drivers/pio/pio_handler.o
 .debug_ranges  0x00000350      0x240 src/ASF/sam/drivers/pmc/pmc.o
 .debug_ranges  0x00000590       0x50 src/ASF/sam/drivers/pmc/sleep.o
 .debug_ranges  0x000005e0       0x50 src/ASF/sam/drivers/rtt/rtt.o
 .debug_ranges  0x00000630       0xa0 src/ASF/sam/drivers/supc/supc.o
 .debug_ranges  0x000006d0       0x18 src/ASF/sam/utils/cmsis/same70/source/templates/gcc/startup_same70.o
 .debug_ranges  0x000006e8       0x20 src/ASF/sam/utils/cmsis/same70/source/templates/system_same70.o
 .debug_ranges  0x00000708       0x28 src/rtt_example.o

.debug_macro    0x00000000    0x1ccfa
 .debug_macro   0x00000000      0x6d1 src/ASF/common/services/clock/same70/sysclk.o
 .debug_macro   0x000006d1      0x8ce src/ASF/common/services/clock/same70/sysclk.o
 .debug_macro   0x00000f9f      0x64b src/ASF/common/services/clock/same70/sysclk.o
 .debug_macro   0x000015ea       0x3a src/ASF/common/services/clock/same70/sysclk.o
 .debug_macro   0x00001624      0x16d src/ASF/common/services/clock/same70/sysclk.o
 .debug_macro   0x00001791       0x76 src/ASF/common/services/clock/same70/sysclk.o
 .debug_macro   0x00001807       0x16 src/ASF/common/services/clock/same70/sysclk.o
 .debug_macro   0x0000181d      0x6e4 src/ASF/common/services/clock/same70/sysclk.o
 .debug_macro   0x00001f01       0x22 src/ASF/common/services/clock/same70/sysclk.o
 .debug_macro   0x00001f23       0x87 src/ASF/common/services/clock/same70/sysclk.o
 .debug_macro   0x00001faa       0x51 src/ASF/common/services/clock/same70/sysclk.o
 .debug_macro   0x00001ffb       0xef src/ASF/common/services/clock/same70/sysclk.o
 .debug_macro   0x000020ea       0x6a src/ASF/common/services/clock/same70/sysclk.o
 .debug_macro   0x00002154      0x1df src/ASF/common/services/clock/same70/sysclk.o
 .debug_macro   0x00002333       0x4a src/ASF/common/services/clock/same70/sysclk.o
 .debug_macro   0x0000237d       0x3b src/ASF/common/services/clock/same70/sysclk.o
 .debug_macro   0x000023b8       0x2d src/ASF/common/services/clock/same70/sysclk.o
 .debug_macro   0x000023e5       0x26 src/ASF/common/services/clock/same70/sysclk.o
 .debug_macro   0x0000240b      0xf9a src/ASF/common/services/clock/same70/sysclk.o
 .debug_macro   0x000033a5      0x175 src/ASF/common/services/clock/same70/sysclk.o
 .debug_macro   0x0000351a      0x257 src/ASF/common/services/clock/same70/sysclk.o
 .debug_macro   0x00003771      0xa0f src/ASF/common/services/clock/same70/sysclk.o
 .debug_macro   0x00004180      0x1b9 src/ASF/common/services/clock/same70/sysclk.o
 .debug_macro   0x00004339      0x336 src/ASF/common/services/clock/same70/sysclk.o
 .debug_macro   0x0000466f      0x15b src/ASF/common/services/clock/same70/sysclk.o
 .debug_macro   0x000047ca     0x1851 src/ASF/common/services/clock/same70/sysclk.o
 .debug_macro   0x0000601b       0x1c src/ASF/common/services/clock/same70/sysclk.o
 .debug_macro   0x00006037      0x68d src/ASF/common/services/clock/same70/sysclk.o
 .debug_macro   0x000066c4      0x31e src/ASF/common/services/clock/same70/sysclk.o
 .debug_macro   0x000069e2      0x4d4 src/ASF/common/services/clock/same70/sysclk.o
 .debug_macro   0x00006eb6      0x56e src/ASF/common/services/clock/same70/sysclk.o
 .debug_macro   0x00007424     0x1332 src/ASF/common/services/clock/same70/sysclk.o
 .debug_macro   0x00008756     0x278d src/ASF/common/services/clock/same70/sysclk.o
 .debug_macro   0x0000aee3     0x102b src/ASF/common/services/clock/same70/sysclk.o
 .debug_macro   0x0000bf0e      0xe01 src/ASF/common/services/clock/same70/sysclk.o
 .debug_macro   0x0000cd0f      0x3b1 src/ASF/common/services/clock/same70/sysclk.o
 .debug_macro   0x0000d0c0       0xa0 src/ASF/common/services/clock/same70/sysclk.o
 .debug_macro   0x0000d160       0x76 src/ASF/common/services/clock/same70/sysclk.o
 .debug_macro   0x0000d1d6      0x409 src/ASF/common/services/clock/same70/sysclk.o
 .debug_macro   0x0000d5df       0x64 src/ASF/common/services/clock/same70/sysclk.o
 .debug_macro   0x0000d643      0x284 src/ASF/common/services/clock/same70/sysclk.o
 .debug_macro   0x0000d8c7      0x1d0 src/ASF/common/services/clock/same70/sysclk.o
 .debug_macro   0x0000da97      0x248 src/ASF/common/services/clock/same70/sysclk.o
 .debug_macro   0x0000dcdf      0x524 src/ASF/common/services/clock/same70/sysclk.o
 .debug_macro   0x0000e203      0x63b src/ASF/common/services/clock/same70/sysclk.o
 .debug_macro   0x0000e83e      0x6b8 src/ASF/common/services/clock/same70/sysclk.o
 .debug_macro   0x0000eef6       0x4c src/ASF/common/services/clock/same70/sysclk.o
 .debug_macro   0x0000ef42      0x468 src/ASF/common/services/clock/same70/sysclk.o
 .debug_macro   0x0000f3aa      0x207 src/ASF/common/services/clock/same70/sysclk.o
 .debug_macro   0x0000f5b1      0x866 src/ASF/common/services/clock/same70/sysclk.o
 .debug_macro   0x0000fe17     0x1547 src/ASF/common/services/clock/same70/sysclk.o
 .debug_macro   0x0001135e       0x40 src/ASF/common/services/clock/same70/sysclk.o
 .debug_macro   0x0001139e       0x76 src/ASF/common/services/clock/same70/sysclk.o
 .debug_macro   0x00011414      0xdaf src/ASF/common/services/clock/same70/sysclk.o
 .debug_macro   0x000121c3       0x82 src/ASF/common/services/clock/same70/sysclk.o
 .debug_macro   0x00012245       0x76 src/ASF/common/services/clock/same70/sysclk.o
 .debug_macro   0x000122bb       0x4c src/ASF/common/services/clock/same70/sysclk.o
 .debug_macro   0x00012307      0x135 src/ASF/common/services/clock/same70/sysclk.o
 .debug_macro   0x0001243c      0x135 src/ASF/common/services/clock/same70/sysclk.o
 .debug_macro   0x00012571      0x135 src/ASF/common/services/clock/same70/sysclk.o
 .debug_macro   0x000126a6       0x6a src/ASF/common/services/clock/same70/sysclk.o
 .debug_macro   0x00012710       0x6a src/ASF/common/services/clock/same70/sysclk.o
 .debug_macro   0x0001277a      0x313 src/ASF/common/services/clock/same70/sysclk.o
 .debug_macro   0x00012a8d       0xb2 src/ASF/common/services/clock/same70/sysclk.o
 .debug_macro   0x00012b3f       0xb2 src/ASF/common/services/clock/same70/sysclk.o
 .debug_macro   0x00012bf1       0xb2 src/ASF/common/services/clock/same70/sysclk.o
 .debug_macro   0x00012ca3      0x11d src/ASF/common/services/clock/same70/sysclk.o
 .debug_macro   0x00012dc0      0x11d src/ASF/common/services/clock/same70/sysclk.o
 .debug_macro   0x00012edd      0x2cd src/ASF/common/services/clock/same70/sysclk.o
 .debug_macro   0x000131aa       0xb8 src/ASF/common/services/clock/same70/sysclk.o
 .debug_macro   0x00013262       0x5e src/ASF/common/services/clock/same70/sysclk.o
 .debug_macro   0x000132c0       0x40 src/ASF/common/services/clock/same70/sysclk.o
 .debug_macro   0x00013300       0x4c src/ASF/common/services/clock/same70/sysclk.o
 .debug_macro   0x0001334c       0xa0 src/ASF/common/services/clock/same70/sysclk.o
 .debug_macro   0x000133ec      0x494 src/ASF/common/services/clock/same70/sysclk.o
 .debug_macro   0x00013880      0x135 src/ASF/common/services/clock/same70/sysclk.o
 .debug_macro   0x000139b5       0x4c src/ASF/common/services/clock/same70/sysclk.o
 .debug_macro   0x00013a01      0x313 src/ASF/common/services/clock/same70/sysclk.o
 .debug_macro   0x00013d14       0x6a src/ASF/common/services/clock/same70/sysclk.o
 .debug_macro   0x00013d7e       0xb8 src/ASF/common/services/clock/same70/sysclk.o
 .debug_macro   0x00013e36       0x6a src/ASF/common/services/clock/same70/sysclk.o
 .debug_macro   0x00013ea0       0x2e src/ASF/common/services/clock/same70/sysclk.o
 .debug_macro   0x00013ece      0x9b1 src/ASF/common/services/clock/same70/sysclk.o
 .debug_macro   0x0001487f       0x6a src/ASF/common/services/clock/same70/sysclk.o
 .debug_macro   0x000148e9       0x88 src/ASF/common/services/clock/same70/sysclk.o
 .debug_macro   0x00014971       0x58 src/ASF/common/services/clock/same70/sysclk.o
 .debug_macro   0x000149c9       0xe2 src/ASF/common/services/clock/same70/sysclk.o
 .debug_macro   0x00014aab       0x16 src/ASF/common/services/clock/same70/sysclk.o
 .debug_macro   0x00014ac1       0xe2 src/ASF/common/services/clock/same70/sysclk.o
 .debug_macro   0x00014ba3       0x4c src/ASF/common/services/clock/same70/sysclk.o
 .debug_macro   0x00014bef       0x16 src/ASF/common/services/clock/same70/sysclk.o
 .debug_macro   0x00014c05       0x4c src/ASF/common/services/clock/same70/sysclk.o
 .debug_macro   0x00014c51       0x2e src/ASF/common/services/clock/same70/sysclk.o
 .debug_macro   0x00014c7f      0x1b5 src/ASF/common/services/clock/same70/sysclk.o
 .debug_macro   0x00014e34      0x1b5 src/ASF/common/services/clock/same70/sysclk.o
 .debug_macro   0x00014fe9      0x1b5 src/ASF/common/services/clock/same70/sysclk.o
 .debug_macro   0x0001519e      0x1b5 src/ASF/common/services/clock/same70/sysclk.o
 .debug_macro   0x00015353      0x1b5 src/ASF/common/services/clock/same70/sysclk.o
 .debug_macro   0x00015508       0x1c src/ASF/common/services/clock/same70/sysclk.o
 .debug_macro   0x00015524       0x2e src/ASF/common/services/clock/same70/sysclk.o
 .debug_macro   0x00015552       0x22 src/ASF/common/services/clock/same70/sysclk.o
 .debug_macro   0x00015574       0x1c src/ASF/common/services/clock/same70/sysclk.o
 .debug_macro   0x00015590       0x52 src/ASF/common/services/clock/same70/sysclk.o
 .debug_macro   0x000155e2       0x10 src/ASF/common/services/clock/same70/sysclk.o
 .debug_macro   0x000155f2       0x1c src/ASF/common/services/clock/same70/sysclk.o
 .debug_macro   0x0001560e       0x4c src/ASF/common/services/clock/same70/sysclk.o
 .debug_macro   0x0001565a       0x4c src/ASF/common/services/clock/same70/sysclk.o
 .debug_macro   0x000156a6       0x4c src/ASF/common/services/clock/same70/sysclk.o
 .debug_macro   0x000156f2      0x31b src/ASF/common/services/clock/same70/sysclk.o
 .debug_macro   0x00015a0d     0x1022 src/ASF/common/services/clock/same70/sysclk.o
 .debug_macro   0x00016a2f      0x107 src/ASF/common/services/clock/same70/sysclk.o
 .debug_macro   0x00016b36       0x58 src/ASF/common/services/clock/same70/sysclk.o
 .debug_macro   0x00016b8e       0x35 src/ASF/common/services/clock/same70/sysclk.o
 .debug_macro   0x00016bc3       0x9c src/ASF/common/services/clock/same70/sysclk.o
 .debug_macro   0x00016c5f       0x16 src/ASF/common/services/clock/same70/sysclk.o
 .debug_macro   0x00016c75       0x35 src/ASF/common/services/clock/same70/sysclk.o
 .debug_macro   0x00016caa      0x353 src/ASF/common/services/clock/same70/sysclk.o
 .debug_macro   0x00016ffd       0x10 src/ASF/common/services/clock/same70/sysclk.o
 .debug_macro   0x0001700d       0x58 src/ASF/common/services/clock/same70/sysclk.o
 .debug_macro   0x00017065       0x1f src/ASF/common/services/clock/same70/sysclk.o
 .debug_macro   0x00017084       0x43 src/ASF/common/services/clock/same70/sysclk.o
 .debug_macro   0x000170c7       0x20 src/ASF/common/services/clock/same70/sysclk.o
 .debug_macro   0x000170e7      0x187 src/ASF/common/services/clock/same70/sysclk.o
 .debug_macro   0x0001726e       0x10 src/ASF/common/services/clock/same70/sysclk.o
 .debug_macro   0x0001727e       0x1c src/ASF/common/services/clock/same70/sysclk.o
 .debug_macro   0x0001729a       0x52 src/ASF/common/services/clock/same70/sysclk.o
 .debug_macro   0x000172ec       0x40 src/ASF/common/services/clock/same70/sysclk.o
 .debug_macro   0x0001732c       0x10 src/ASF/common/services/clock/same70/sysclk.o
 .debug_macro   0x0001733c       0x40 src/ASF/common/services/clock/same70/sysclk.o
 .debug_macro   0x0001737c       0xd7 src/ASF/common/services/clock/same70/sysclk.o
 .debug_macro   0x00017453       0x16 src/ASF/common/services/clock/same70/sysclk.o
 .debug_macro   0x00017469      0x18b src/ASF/common/services/clock/same70/sysclk.o
 .debug_macro   0x000175f4       0x22 src/ASF/common/services/clock/same70/sysclk.o
 .debug_macro   0x00017616       0x16 src/ASF/common/services/clock/same70/sysclk.o
 .debug_macro   0x0001762c       0x16 src/ASF/common/services/clock/same70/sysclk.o
 .debug_macro   0x00017642       0x29 src/ASF/common/services/clock/same70/sysclk.o
 .debug_macro   0x0001766b       0x75 src/ASF/common/services/clock/same70/sysclk.o
 .debug_macro   0x000176e0       0x3f src/ASF/common/services/clock/same70/sysclk.o
 .debug_macro   0x0001771f      0x3ca src/ASF/common/services/clock/same70/sysclk.o
 .debug_macro   0x00017ae9      0x2c0 src/ASF/common/services/clock/same70/sysclk.o
 .debug_macro   0x00017da9      0xa96 src/ASF/common/services/clock/same70/sysclk.o
 .debug_macro   0x0001883f       0x70 src/ASF/common/services/clock/same70/sysclk.o
 .debug_macro   0x000188af       0x64 src/ASF/common/services/clock/same70/sysclk.o
 .debug_macro   0x00018913       0x5f src/ASF/common/services/clock/same70/sysclk.o
 .debug_macro   0x00018972       0xac src/ASF/common/services/clock/same70/sysclk.o
 .debug_macro   0x00018a1e      0x655 src/ASF/common/utils/interrupt/interrupt_sam_nvic.o
 .debug_macro   0x00019073      0x66b src/ASF/sam/drivers/pio/pio.o
 .debug_macro   0x000196de       0x8e src/ASF/sam/drivers/pio/pio.o
 .debug_macro   0x0001976c      0x676 src/ASF/sam/drivers/pio/pio_handler.o
 .debug_macro   0x00019de2      0x66b src/ASF/sam/drivers/pmc/pmc.o
 .debug_macro   0x0001a44d       0x6a src/ASF/sam/drivers/pmc/pmc.o
 .debug_macro   0x0001a4b7      0x684 src/ASF/sam/drivers/pmc/sleep.o
 .debug_macro   0x0001ab3b       0x34 src/ASF/sam/drivers/pmc/sleep.o
 .debug_macro   0x0001ab6f      0x660 src/ASF/sam/drivers/rtt/rtt.o
 .debug_macro   0x0001b1cf      0x660 src/ASF/sam/drivers/supc/supc.o
 .debug_macro   0x0001b82f      0x664 src/ASF/sam/utils/cmsis/same70/source/templates/gcc/startup_same70.o
 .debug_macro   0x0001be93       0x10 src/ASF/sam/utils/cmsis/same70/source/templates/gcc/startup_same70.o
 .debug_macro   0x0001bea3      0x455 src/ASF/sam/utils/cmsis/same70/source/templates/system_same70.o
 .debug_macro   0x0001c2f8      0x7c2 src/rtt_example.o
 .debug_macro   0x0001caba       0x40 src/rtt_example.o
 .debug_macro   0x0001cafa      0x1ce src/rtt_example.o
 .debug_macro   0x0001ccc8       0x16 src/rtt_example.o
 .debug_macro   0x0001ccde       0x1c src/rtt_example.o

.debug_line     0x00000000     0x808e
 .debug_line    0x00000000      0xb4f src/ASF/common/services/clock/same70/sysclk.o
 .debug_line    0x00000b4f      0xa01 src/ASF/common/utils/interrupt/interrupt_sam_nvic.o
 .debug_line    0x00001550      0xee3 src/ASF/sam/drivers/pio/pio.o
 .debug_line    0x00002433      0xabf src/ASF/sam/drivers/pio/pio_handler.o
 .debug_line    0x00002ef2     0x106b src/ASF/sam/drivers/pmc/pmc.o
 .debug_line    0x00003f5d      0xb4c src/ASF/sam/drivers/pmc/sleep.o
 .debug_line    0x00004aa9      0xa72 src/ASF/sam/drivers/rtt/rtt.o
 .debug_line    0x0000551b      0xb1e src/ASF/sam/drivers/supc/supc.o
 .debug_line    0x00006039      0xa73 src/ASF/sam/utils/cmsis/same70/source/templates/gcc/startup_same70.o
 .debug_line    0x00006aac      0x7e9 src/ASF/sam/utils/cmsis/same70/source/templates/system_same70.o
 .debug_line    0x00007295      0xdf9 src/rtt_example.o

.debug_str      0x00000000    0x899a9
 .debug_str     0x00000000    0x85ee4 src/ASF/common/services/clock/same70/sysclk.o
                              0x8658f (size before relaxing)
 .debug_str     0x00085ee4       0x94 src/ASF/common/utils/interrupt/interrupt_sam_nvic.o
                              0x81f3d (size before relaxing)
 .debug_str     0x00085f78      0xb31 src/ASF/sam/drivers/pio/pio.o
                              0x82a93 (size before relaxing)
 .debug_str     0x00086aa9      0x59e src/ASF/sam/drivers/pio/pio_handler.o
                              0x82bb5 (size before relaxing)
 .debug_str     0x00087047      0x6d1 src/ASF/sam/drivers/pmc/pmc.o
                              0x82bf7 (size before relaxing)
 .debug_str     0x00087718      0x256 src/ASF/sam/drivers/pmc/sleep.o
                              0x85eb6 (size before relaxing)
 .debug_str     0x0008796e      0x132 src/ASF/sam/drivers/rtt/rtt.o
                              0x81ff2 (size before relaxing)
 .debug_str     0x00087aa0      0x266 src/ASF/sam/drivers/supc/supc.o
                              0x8217a (size before relaxing)
 .debug_str     0x00087d06      0x6a9 src/ASF/sam/utils/cmsis/same70/source/templates/gcc/startup_same70.o
                              0x8270a (size before relaxing)
 .debug_str     0x000883af      0x137 src/ASF/sam/utils/cmsis/same70/source/templates/system_same70.o
                              0x72816 (size before relaxing)
 .debug_str     0x000884e6     0x14c3 src/rtt_example.o
                              0x8814e (size before relaxing)

.debug_frame    0x00000000      0xee8
 .debug_frame   0x00000000       0x88 src/ASF/common/services/clock/same70/sysclk.o
 .debug_frame   0x00000088       0x30 src/ASF/common/utils/interrupt/interrupt_sam_nvic.o
 .debug_frame   0x000000b8      0x390 src/ASF/sam/drivers/pio/pio.o
 .debug_frame   0x00000448      0x110 src/ASF/sam/drivers/pio/pio_handler.o
 .debug_frame   0x00000558      0x494 src/ASF/sam/drivers/pmc/pmc.o
 .debug_frame   0x000009ec       0x5c src/ASF/sam/drivers/pmc/sleep.o
 .debug_frame   0x00000a48       0xac src/ASF/sam/drivers/rtt/rtt.o
 .debug_frame   0x00000af4      0x140 src/ASF/sam/drivers/supc/supc.o
 .debug_frame   0x00000c34       0x38 src/ASF/sam/utils/cmsis/same70/source/templates/gcc/startup_same70.o
 .debug_frame   0x00000c6c       0x40 src/ASF/sam/utils/cmsis/same70/source/templates/system_same70.o
 .debug_frame   0x00000cac       0x7c src/rtt_example.o
 .debug_frame   0x00000d28       0x2c c:/program files (x86)/atmel/studio/7.0/toolchain/arm/arm-gnu-toolchain/bin/../lib/gcc/arm-none-eabi/6.3.1/../../../../arm-none-eabi/lib/thumb/v7e-m\libc.a(lib_a-init.o)
 .debug_frame   0x00000d54       0x5c c:/program files (x86)/atmel/studio/7.0/toolchain/arm/arm-gnu-toolchain/bin/../lib/gcc/arm-none-eabi/6.3.1/../../../../arm-none-eabi/lib/thumb/v7e-m\libc.a(lib_a-__call_atexit.o)
 .debug_frame   0x00000db0       0x20 c:/program files (x86)/atmel/studio/7.0/toolchain/arm/arm-gnu-toolchain/bin/../lib/gcc/arm-none-eabi/6.3.1/../../../../arm-none-eabi/lib/thumb/v7e-m\libc.a(lib_a-atexit.o)
 .debug_frame   0x00000dd0       0x34 c:/program files (x86)/atmel/studio/7.0/toolchain/arm/arm-gnu-toolchain/bin/../lib/gcc/arm-none-eabi/6.3.1/../../../../arm-none-eabi/lib/thumb/v7e-m\libc.a(lib_a-fini.o)
 .debug_frame   0x00000e04       0xb0 c:/program files (x86)/atmel/studio/7.0/toolchain/arm/arm-gnu-toolchain/bin/../lib/gcc/arm-none-eabi/6.3.1/../../../../arm-none-eabi/lib/thumb/v7e-m\libc.a(lib_a-lock.o)
 .debug_frame   0x00000eb4       0x34 c:/program files (x86)/atmel/studio/7.0/toolchain/arm/arm-gnu-toolchain/bin/../lib/gcc/arm-none-eabi/6.3.1/../../../../arm-none-eabi/lib/thumb/v7e-m\libc.a(lib_a-__atexit.o)

Cross Reference Table

Symbol                                            File
ACC_Handler                                       src/ASF/sam/utils/cmsis/same70/source/templates/gcc/startup_same70.o
AES_Handler                                       src/ASF/sam/utils/cmsis/same70/source/templates/gcc/startup_same70.o
AFEC0_Handler                                     src/ASF/sam/utils/cmsis/same70/source/templates/gcc/startup_same70.o
AFEC1_Handler                                     src/ASF/sam/utils/cmsis/same70/source/templates/gcc/startup_same70.o
BusFault_Handler                                  src/ASF/sam/utils/cmsis/same70/source/templates/gcc/startup_same70.o
DACC_Handler                                      src/ASF/sam/utils/cmsis/same70/source/templates/gcc/startup_same70.o
DebugMon_Handler                                  src/ASF/sam/utils/cmsis/same70/source/templates/gcc/startup_same70.o
Dummy_Handler                                     src/ASF/sam/utils/cmsis/same70/source/templates/gcc/startup_same70.o
EFC_Handler                                       src/ASF/sam/utils/cmsis/same70/source/templates/gcc/startup_same70.o
GMAC_Handler                                      src/ASF/sam/utils/cmsis/same70/source/templates/gcc/startup_same70.o
HSMCI_Handler                                     src/ASF/sam/utils/cmsis/same70/source/templates/gcc/startup_same70.o
HardFault_Handler                                 src/ASF/sam/utils/cmsis/same70/source/templates/gcc/startup_same70.o
ICM_Handler                                       src/ASF/sam/utils/cmsis/same70/source/templates/gcc/startup_same70.o
ISI_Handler                                       src/ASF/sam/utils/cmsis/same70/source/templates/gcc/startup_same70.o
LED_init                                          src/rtt_example.o
MCAN0_Handler                                     src/ASF/sam/utils/cmsis/same70/source/templates/gcc/startup_same70.o
MCAN1_Handler                                     src/ASF/sam/utils/cmsis/same70/source/templates/gcc/startup_same70.o
MemManage_Handler                                 src/ASF/sam/utils/cmsis/same70/source/templates/gcc/startup_same70.o
NMI_Handler                                       src/ASF/sam/utils/cmsis/same70/source/templates/gcc/startup_same70.o
PIOA_Handler                                      src/ASF/sam/drivers/pio/pio_handler.o
PIOB_Handler                                      src/ASF/sam/drivers/pio/pio_handler.o
PIOC_Handler                                      src/ASF/sam/drivers/pio/pio_handler.o
PIOD_Handler                                      src/ASF/sam/drivers/pio/pio_handler.o
PIOE_Handler                                      src/ASF/sam/drivers/pio/pio_handler.o
PMC_Handler                                       src/ASF/sam/utils/cmsis/same70/source/templates/gcc/startup_same70.o
PWM0_Handler                                      src/ASF/sam/utils/cmsis/same70/source/templates/gcc/startup_same70.o
PWM1_Handler                                      src/ASF/sam/utils/cmsis/same70/source/templates/gcc/startup_same70.o
PendSV_Handler                                    src/ASF/sam/utils/cmsis/same70/source/templates/gcc/startup_same70.o
QSPI_Handler                                      src/ASF/sam/utils/cmsis/same70/source/templates/gcc/startup_same70.o
RSTC_Handler                                      src/ASF/sam/utils/cmsis/same70/source/templates/gcc/startup_same70.o
RSWDT_Handler                                     src/ASF/sam/utils/cmsis/same70/source/templates/gcc/startup_same70.o
RTC_Handler                                       src/ASF/sam/utils/cmsis/same70/source/templates/gcc/startup_same70.o
RTT_Handler                                       src/rtt_example.o
                                                  src/ASF/sam/utils/cmsis/same70/source/templates/gcc/startup_same70.o
Reset_Handler                                     src/ASF/sam/utils/cmsis/same70/source/templates/gcc/startup_same70.o
SDRAMC_Handler                                    src/ASF/sam/utils/cmsis/same70/source/templates/gcc/startup_same70.o
SPI0_Handler                                      src/ASF/sam/utils/cmsis/same70/source/templates/gcc/startup_same70.o
SPI1_Handler                                      src/ASF/sam/utils/cmsis/same70/source/templates/gcc/startup_same70.o
SSC_Handler                                       src/ASF/sam/utils/cmsis/same70/source/templates/gcc/startup_same70.o
SUPC_Handler                                      src/ASF/sam/utils/cmsis/same70/source/templates/gcc/startup_same70.o
SVC_Handler                                       src/ASF/sam/utils/cmsis/same70/source/templates/gcc/startup_same70.o
SysTick_Handler                                   src/ASF/sam/utils/cmsis/same70/source/templates/gcc/startup_same70.o
SystemCoreClock                                   src/ASF/sam/utils/cmsis/same70/source/templates/system_same70.o
SystemCoreClockUpdate                             src/ASF/sam/utils/cmsis/same70/source/templates/system_same70.o
                                                  src/ASF/common/services/clock/same70/sysclk.o
SystemInit                                        src/ASF/sam/utils/cmsis/same70/source/templates/system_same70.o
TC0_Handler                                       src/ASF/sam/utils/cmsis/same70/source/templates/gcc/startup_same70.o
TC10_Handler                                      src/ASF/sam/utils/cmsis/same70/source/templates/gcc/startup_same70.o
TC11_Handler                                      src/ASF/sam/utils/cmsis/same70/source/templates/gcc/startup_same70.o
TC1_Handler                                       src/ASF/sam/utils/cmsis/same70/source/templates/gcc/startup_same70.o
TC2_Handler                                       src/ASF/sam/utils/cmsis/same70/source/templates/gcc/startup_same70.o
TC3_Handler                                       src/ASF/sam/utils/cmsis/same70/source/templates/gcc/startup_same70.o
TC4_Handler                                       src/ASF/sam/utils/cmsis/same70/source/templates/gcc/startup_same70.o
TC5_Handler                                       src/ASF/sam/utils/cmsis/same70/source/templates/gcc/startup_same70.o
TC6_Handler                                       src/ASF/sam/utils/cmsis/same70/source/templates/gcc/startup_same70.o
TC7_Handler                                       src/ASF/sam/utils/cmsis/same70/source/templates/gcc/startup_same70.o
TC8_Handler                                       src/ASF/sam/utils/cmsis/same70/source/templates/gcc/startup_same70.o
TC9_Handler                                       src/ASF/sam/utils/cmsis/same70/source/templates/gcc/startup_same70.o
TRNG_Handler                                      src/ASF/sam/utils/cmsis/same70/source/templates/gcc/startup_same70.o
TWIHS0_Handler                                    src/ASF/sam/utils/cmsis/same70/source/templates/gcc/startup_same70.o
TWIHS1_Handler                                    src/ASF/sam/utils/cmsis/same70/source/templates/gcc/startup_same70.o
TWIHS2_Handler                                    src/ASF/sam/utils/cmsis/same70/source/templates/gcc/startup_same70.o
UART0_Handler                                     src/ASF/sam/utils/cmsis/same70/source/templates/gcc/startup_same70.o
UART1_Handler                                     src/ASF/sam/utils/cmsis/same70/source/templates/gcc/startup_same70.o
UART2_Handler                                     src/ASF/sam/utils/cmsis/same70/source/templates/gcc/startup_same70.o
UART3_Handler                                     src/ASF/sam/utils/cmsis/same70/source/templates/gcc/startup_same70.o
UART4_Handler                                     src/ASF/sam/utils/cmsis/same70/source/templates/gcc/startup_same70.o
USART0_Handler                                    src/ASF/sam/utils/cmsis/same70/source/templates/gcc/startup_same70.o
USART1_Handler                                    src/ASF/sam/utils/cmsis/same70/source/templates/gcc/startup_same70.o
USART2_Handler                                    src/ASF/sam/utils/cmsis/same70/source/templates/gcc/startup_same70.o
USBHS_Handler                                     src/ASF/sam/utils/cmsis/same70/source/templates/gcc/startup_same70.o
UsageFault_Handler                                src/ASF/sam/utils/cmsis/same70/source/templates/gcc/startup_same70.o
WDT_Handler                                       src/ASF/sam/utils/cmsis/same70/source/templates/gcc/startup_same70.o
XDMAC_Handler                                     src/ASF/sam/utils/cmsis/same70/source/templates/gcc/startup_same70.o
_Jv_RegisterClasses                               c:/program files (x86)/atmel/studio/7.0/toolchain/arm/arm-gnu-toolchain/bin/../lib/gcc/arm-none-eabi/6.3.1/thumb/v7e-m/crtbegin.o
__atexit_recursive_mutex                          c:/program files (x86)/atmel/studio/7.0/toolchain/arm/arm-gnu-toolchain/bin/../lib/gcc/arm-none-eabi/6.3.1/../../../../arm-none-eabi/lib/thumb/v7e-m\libc.a(lib_a-__call_atexit.o)
                                                  c:/program files (x86)/atmel/studio/7.0/toolchain/arm/arm-gnu-toolchain/bin/../lib/gcc/arm-none-eabi/6.3.1/../../../../arm-none-eabi/lib/thumb/v7e-m\libc.a(lib_a-__atexit.o)
__bss_end__                                       c:/program files (x86)/atmel/studio/7.0/toolchain/arm/arm-gnu-toolchain/bin/../lib/gcc/arm-none-eabi/6.3.1/../../../../arm-none-eabi/lib/thumb/v7e-m/crt0.o
__bss_start__                                     c:/program files (x86)/atmel/studio/7.0/toolchain/arm/arm-gnu-toolchain/bin/../lib/gcc/arm-none-eabi/6.3.1/../../../../arm-none-eabi/lib/thumb/v7e-m/crt0.o
__call_exitprocs                                  c:/program files (x86)/atmel/studio/7.0/toolchain/arm/arm-gnu-toolchain/bin/../lib/gcc/arm-none-eabi/6.3.1/../../../../arm-none-eabi/lib/thumb/v7e-m\libc.a(lib_a-__call_atexit.o)
                                                  c:/program files (x86)/atmel/studio/7.0/toolchain/arm/arm-gnu-toolchain/bin/../lib/gcc/arm-none-eabi/6.3.1/../../../../arm-none-eabi/lib/thumb/v7e-m\libc.a(lib_a-exit.o)
__deregister_frame_info                           c:/program files (x86)/atmel/studio/7.0/toolchain/arm/arm-gnu-toolchain/bin/../lib/gcc/arm-none-eabi/6.3.1/thumb/v7e-m/crtbegin.o
__dso_handle                                      c:/program files (x86)/atmel/studio/7.0/toolchain/arm/arm-gnu-toolchain/bin/../lib/gcc/arm-none-eabi/6.3.1/thumb/v7e-m/crtbegin.o
__fini_array_end                                  c:/program files (x86)/atmel/studio/7.0/toolchain/arm/arm-gnu-toolchain/bin/../lib/gcc/arm-none-eabi/6.3.1/../../../../arm-none-eabi/lib/thumb/v7e-m\libc.a(lib_a-fini.o)
__fini_array_start                                c:/program files (x86)/atmel/studio/7.0/toolchain/arm/arm-gnu-toolchain/bin/../lib/gcc/arm-none-eabi/6.3.1/../../../../arm-none-eabi/lib/thumb/v7e-m\libc.a(lib_a-fini.o)
__init_array_end                                  c:/program files (x86)/atmel/studio/7.0/toolchain/arm/arm-gnu-toolchain/bin/../lib/gcc/arm-none-eabi/6.3.1/../../../../arm-none-eabi/lib/thumb/v7e-m\libc.a(lib_a-init.o)
__init_array_start                                c:/program files (x86)/atmel/studio/7.0/toolchain/arm/arm-gnu-toolchain/bin/../lib/gcc/arm-none-eabi/6.3.1/../../../../arm-none-eabi/lib/thumb/v7e-m\libc.a(lib_a-init.o)
__libc_fini                                       c:/program files (x86)/atmel/studio/7.0/toolchain/arm/arm-gnu-toolchain/bin/../lib/gcc/arm-none-eabi/6.3.1/../../../../arm-none-eabi/lib/thumb/v7e-m\libc.a(lib_a-__call_atexit.o)
__libc_fini_array                                 c:/program files (x86)/atmel/studio/7.0/toolchain/arm/arm-gnu-toolchain/bin/../lib/gcc/arm-none-eabi/6.3.1/../../../../arm-none-eabi/lib/thumb/v7e-m\libc.a(lib_a-fini.o)
                                                  c:/program files (x86)/atmel/studio/7.0/toolchain/arm/arm-gnu-toolchain/bin/../lib/gcc/arm-none-eabi/6.3.1/../../../../arm-none-eabi/lib/thumb/v7e-m\libc.a(lib_a-__call_atexit.o)
                                                  c:/program files (x86)/atmel/studio/7.0/toolchain/arm/arm-gnu-toolchain/bin/../lib/gcc/arm-none-eabi/6.3.1/../../../../arm-none-eabi/lib/thumb/v7e-m/crt0.o
__libc_init_array                                 c:/program files (x86)/atmel/studio/7.0/toolchain/arm/arm-gnu-toolchain/bin/../lib/gcc/arm-none-eabi/6.3.1/../../../../arm-none-eabi/lib/thumb/v7e-m\libc.a(lib_a-init.o)
                                                  src/ASF/sam/utils/cmsis/same70/source/templates/gcc/startup_same70.o
                                                  c:/program files (x86)/atmel/studio/7.0/toolchain/arm/arm-gnu-toolchain/bin/../lib/gcc/arm-none-eabi/6.3.1/../../../../arm-none-eabi/lib/thumb/v7e-m/crt0.o
__lock___arc4random_mutex                         c:/program files (x86)/atmel/studio/7.0/toolchain/arm/arm-gnu-toolchain/bin/../lib/gcc/arm-none-eabi/6.3.1/../../../../arm-none-eabi/lib/thumb/v7e-m\libc.a(lib_a-lock.o)
__lock___at_quick_exit_mutex                      c:/program files (x86)/atmel/studio/7.0/toolchain/arm/arm-gnu-toolchain/bin/../lib/gcc/arm-none-eabi/6.3.1/../../../../arm-none-eabi/lib/thumb/v7e-m\libc.a(lib_a-lock.o)
__lock___atexit_recursive_mutex                   c:/program files (x86)/atmel/studio/7.0/toolchain/arm/arm-gnu-toolchain/bin/../lib/gcc/arm-none-eabi/6.3.1/../../../../arm-none-eabi/lib/thumb/v7e-m\libc.a(lib_a-lock.o)
                                                  c:/program files (x86)/atmel/studio/7.0/toolchain/arm/arm-gnu-toolchain/bin/../lib/gcc/arm-none-eabi/6.3.1/../../../../arm-none-eabi/lib/thumb/v7e-m\libc.a(lib_a-__call_atexit.o)
__lock___dd_hash_mutex                            c:/program files (x86)/atmel/studio/7.0/toolchain/arm/arm-gnu-toolchain/bin/../lib/gcc/arm-none-eabi/6.3.1/../../../../arm-none-eabi/lib/thumb/v7e-m\libc.a(lib_a-lock.o)
__lock___env_recursive_mutex                      c:/program files (x86)/atmel/studio/7.0/toolchain/arm/arm-gnu-toolchain/bin/../lib/gcc/arm-none-eabi/6.3.1/../../../../arm-none-eabi/lib/thumb/v7e-m\libc.a(lib_a-lock.o)
__lock___malloc_recursive_mutex                   c:/program files (x86)/atmel/studio/7.0/toolchain/arm/arm-gnu-toolchain/bin/../lib/gcc/arm-none-eabi/6.3.1/../../../../arm-none-eabi/lib/thumb/v7e-m\libc.a(lib_a-lock.o)
__lock___sfp_recursive_mutex                      c:/program files (x86)/atmel/studio/7.0/toolchain/arm/arm-gnu-toolchain/bin/../lib/gcc/arm-none-eabi/6.3.1/../../../../arm-none-eabi/lib/thumb/v7e-m\libc.a(lib_a-lock.o)
__lock___sinit_recursive_mutex                    c:/program files (x86)/atmel/studio/7.0/toolchain/arm/arm-gnu-toolchain/bin/../lib/gcc/arm-none-eabi/6.3.1/../../../../arm-none-eabi/lib/thumb/v7e-m\libc.a(lib_a-lock.o)
__lock___tz_mutex                                 c:/program files (x86)/atmel/studio/7.0/toolchain/arm/arm-gnu-toolchain/bin/../lib/gcc/arm-none-eabi/6.3.1/../../../../arm-none-eabi/lib/thumb/v7e-m\libc.a(lib_a-lock.o)
__preinit_array_end                               c:/program files (x86)/atmel/studio/7.0/toolchain/arm/arm-gnu-toolchain/bin/../lib/gcc/arm-none-eabi/6.3.1/../../../../arm-none-eabi/lib/thumb/v7e-m\libc.a(lib_a-init.o)
__preinit_array_start                             c:/program files (x86)/atmel/studio/7.0/toolchain/arm/arm-gnu-toolchain/bin/../lib/gcc/arm-none-eabi/6.3.1/../../../../arm-none-eabi/lib/thumb/v7e-m\libc.a(lib_a-init.o)
__ram_end__                                       src/ASF/sam/utils/syscalls/gcc/syscalls.o
__register_exitproc                               c:/program files (x86)/atmel/studio/7.0/toolchain/arm/arm-gnu-toolchain/bin/../lib/gcc/arm-none-eabi/6.3.1/../../../../arm-none-eabi/lib/thumb/v7e-m\libc.a(lib_a-__atexit.o)
                                                  c:/program files (x86)/atmel/studio/7.0/toolchain/arm/arm-gnu-toolchain/bin/../lib/gcc/arm-none-eabi/6.3.1/../../../../arm-none-eabi/lib/thumb/v7e-m\libc.a(lib_a-atexit.o)
__register_frame_info                             c:/program files (x86)/atmel/studio/7.0/toolchain/arm/arm-gnu-toolchain/bin/../lib/gcc/arm-none-eabi/6.3.1/thumb/v7e-m/crtbegin.o
__retarget_lock_acquire                           c:/program files (x86)/atmel/studio/7.0/toolchain/arm/arm-gnu-toolchain/bin/../lib/gcc/arm-none-eabi/6.3.1/../../../../arm-none-eabi/lib/thumb/v7e-m\libc.a(lib_a-lock.o)
__retarget_lock_acquire_recursive                 c:/program files (x86)/atmel/studio/7.0/toolchain/arm/arm-gnu-toolchain/bin/../lib/gcc/arm-none-eabi/6.3.1/../../../../arm-none-eabi/lib/thumb/v7e-m\libc.a(lib_a-lock.o)
                                                  c:/program files (x86)/atmel/studio/7.0/toolchain/arm/arm-gnu-toolchain/bin/../lib/gcc/arm-none-eabi/6.3.1/../../../../arm-none-eabi/lib/thumb/v7e-m\libc.a(lib_a-__atexit.o)
                                                  c:/program files (x86)/atmel/studio/7.0/toolchain/arm/arm-gnu-toolchain/bin/../lib/gcc/arm-none-eabi/6.3.1/../../../../arm-none-eabi/lib/thumb/v7e-m\libc.a(lib_a-__call_atexit.o)
__retarget_lock_close                             c:/program files (x86)/atmel/studio/7.0/toolchain/arm/arm-gnu-toolchain/bin/../lib/gcc/arm-none-eabi/6.3.1/../../../../arm-none-eabi/lib/thumb/v7e-m\libc.a(lib_a-lock.o)
__retarget_lock_close_recursive                   c:/program files (x86)/atmel/studio/7.0/toolchain/arm/arm-gnu-toolchain/bin/../lib/gcc/arm-none-eabi/6.3.1/../../../../arm-none-eabi/lib/thumb/v7e-m\libc.a(lib_a-lock.o)
__retarget_lock_init                              c:/program files (x86)/atmel/studio/7.0/toolchain/arm/arm-gnu-toolchain/bin/../lib/gcc/arm-none-eabi/6.3.1/../../../../arm-none-eabi/lib/thumb/v7e-m\libc.a(lib_a-lock.o)
__retarget_lock_init_recursive                    c:/program files (x86)/atmel/studio/7.0/toolchain/arm/arm-gnu-toolchain/bin/../lib/gcc/arm-none-eabi/6.3.1/../../../../arm-none-eabi/lib/thumb/v7e-m\libc.a(lib_a-lock.o)
__retarget_lock_release                           c:/program files (x86)/atmel/studio/7.0/toolchain/arm/arm-gnu-toolchain/bin/../lib/gcc/arm-none-eabi/6.3.1/../../../../arm-none-eabi/lib/thumb/v7e-m\libc.a(lib_a-lock.o)
__retarget_lock_release_recursive                 c:/program files (x86)/atmel/studio/7.0/toolchain/arm/arm-gnu-toolchain/bin/../lib/gcc/arm-none-eabi/6.3.1/../../../../arm-none-eabi/lib/thumb/v7e-m\libc.a(lib_a-lock.o)
                                                  c:/program files (x86)/atmel/studio/7.0/toolchain/arm/arm-gnu-toolchain/bin/../lib/gcc/arm-none-eabi/6.3.1/../../../../arm-none-eabi/lib/thumb/v7e-m\libc.a(lib_a-__atexit.o)
                                                  c:/program files (x86)/atmel/studio/7.0/toolchain/arm/arm-gnu-toolchain/bin/../lib/gcc/arm-none-eabi/6.3.1/../../../../arm-none-eabi/lib/thumb/v7e-m\libc.a(lib_a-__call_atexit.o)
__retarget_lock_try_acquire                       c:/program files (x86)/atmel/studio/7.0/toolchain/arm/arm-gnu-toolchain/bin/../lib/gcc/arm-none-eabi/6.3.1/../../../../arm-none-eabi/lib/thumb/v7e-m\libc.a(lib_a-lock.o)
__retarget_lock_try_acquire_recursive             c:/program files (x86)/atmel/studio/7.0/toolchain/arm/arm-gnu-toolchain/bin/../lib/gcc/arm-none-eabi/6.3.1/../../../../arm-none-eabi/lib/thumb/v7e-m\libc.a(lib_a-lock.o)
__stack                                           c:/program files (x86)/atmel/studio/7.0/toolchain/arm/arm-gnu-toolchain/bin/../lib/gcc/arm-none-eabi/6.3.1/../../../../arm-none-eabi/lib/thumb/v7e-m/crt0.o
_close                                            src/ASF/sam/utils/syscalls/gcc/syscalls.o
_end                                              src/ASF/sam/utils/syscalls/gcc/syscalls.o
_erelocate                                        src/ASF/sam/utils/cmsis/same70/source/templates/gcc/startup_same70.o
_estack                                           src/ASF/sam/utils/cmsis/same70/source/templates/gcc/startup_same70.o
_etext                                            src/ASF/sam/utils/cmsis/same70/source/templates/gcc/startup_same70.o
_exit                                             src/ASF/sam/utils/syscalls/gcc/syscalls.o
                                                  c:/program files (x86)/atmel/studio/7.0/toolchain/arm/arm-gnu-toolchain/bin/../lib/gcc/arm-none-eabi/6.3.1/../../../../arm-none-eabi/lib/thumb/v7e-m\libc.a(lib_a-exit.o)
_ezero                                            src/ASF/sam/utils/cmsis/same70/source/templates/gcc/startup_same70.o
_fini                                             c:/program files (x86)/atmel/studio/7.0/toolchain/arm/arm-gnu-toolchain/bin/../lib/gcc/arm-none-eabi/6.3.1/thumb/v7e-m/crti.o
                                                  c:/program files (x86)/atmel/studio/7.0/toolchain/arm/arm-gnu-toolchain/bin/../lib/gcc/arm-none-eabi/6.3.1/../../../../arm-none-eabi/lib/thumb/v7e-m\libc.a(lib_a-fini.o)
_fstat                                            src/ASF/sam/utils/syscalls/gcc/syscalls.o
_getpid                                           src/ASF/sam/utils/syscalls/gcc/syscalls.o
_global_impure_ptr                                c:/program files (x86)/atmel/studio/7.0/toolchain/arm/arm-gnu-toolchain/bin/../lib/gcc/arm-none-eabi/6.3.1/../../../../arm-none-eabi/lib/thumb/v7e-m\libc.a(lib_a-impure.o)
                                                  c:/program files (x86)/atmel/studio/7.0/toolchain/arm/arm-gnu-toolchain/bin/../lib/gcc/arm-none-eabi/6.3.1/../../../../arm-none-eabi/lib/thumb/v7e-m\libc.a(lib_a-__atexit.o)
                                                  c:/program files (x86)/atmel/studio/7.0/toolchain/arm/arm-gnu-toolchain/bin/../lib/gcc/arm-none-eabi/6.3.1/../../../../arm-none-eabi/lib/thumb/v7e-m\libc.a(lib_a-__call_atexit.o)
                                                  c:/program files (x86)/atmel/studio/7.0/toolchain/arm/arm-gnu-toolchain/bin/../lib/gcc/arm-none-eabi/6.3.1/../../../../arm-none-eabi/lib/thumb/v7e-m\libc.a(lib_a-exit.o)
_impure_ptr                                       c:/program files (x86)/atmel/studio/7.0/toolchain/arm/arm-gnu-toolchain/bin/../lib/gcc/arm-none-eabi/6.3.1/../../../../arm-none-eabi/lib/thumb/v7e-m\libc.a(lib_a-impure.o)
_init                                             c:/program files (x86)/atmel/studio/7.0/toolchain/arm/arm-gnu-toolchain/bin/../lib/gcc/arm-none-eabi/6.3.1/thumb/v7e-m/crti.o
                                                  c:/program files (x86)/atmel/studio/7.0/toolchain/arm/arm-gnu-toolchain/bin/../lib/gcc/arm-none-eabi/6.3.1/../../../../arm-none-eabi/lib/thumb/v7e-m\libc.a(lib_a-init.o)
_isatty                                           src/ASF/sam/utils/syscalls/gcc/syscalls.o
_kill                                             src/ASF/sam/utils/syscalls/gcc/syscalls.o
_lseek                                            src/ASF/sam/utils/syscalls/gcc/syscalls.o
_mainCRTStartup                                   c:/program files (x86)/atmel/studio/7.0/toolchain/arm/arm-gnu-toolchain/bin/../lib/gcc/arm-none-eabi/6.3.1/../../../../arm-none-eabi/lib/thumb/v7e-m/crt0.o
_read                                             src/ASF/common/utils/stdio/read.o
_sbrk                                             src/ASF/sam/utils/syscalls/gcc/syscalls.o
_sfixed                                           src/ASF/sam/utils/cmsis/same70/source/templates/gcc/startup_same70.o
_srelocate                                        src/ASF/sam/utils/cmsis/same70/source/templates/gcc/startup_same70.o
_start                                            c:/program files (x86)/atmel/studio/7.0/toolchain/arm/arm-gnu-toolchain/bin/../lib/gcc/arm-none-eabi/6.3.1/../../../../arm-none-eabi/lib/thumb/v7e-m/crt0.o
_szero                                            src/ASF/sam/utils/cmsis/same70/source/templates/gcc/startup_same70.o
_write                                            src/ASF/common/utils/stdio/write.o
atexit                                            c:/program files (x86)/atmel/studio/7.0/toolchain/arm/arm-gnu-toolchain/bin/../lib/gcc/arm-none-eabi/6.3.1/../../../../arm-none-eabi/lib/thumb/v7e-m\libc.a(lib_a-atexit.o)
                                                  c:/program files (x86)/atmel/studio/7.0/toolchain/arm/arm-gnu-toolchain/bin/../lib/gcc/arm-none-eabi/6.3.1/../../../../arm-none-eabi/lib/thumb/v7e-m\libc.a(lib_a-__call_atexit.o)
                                                  c:/program files (x86)/atmel/studio/7.0/toolchain/arm/arm-gnu-toolchain/bin/../lib/gcc/arm-none-eabi/6.3.1/../../../../arm-none-eabi/lib/thumb/v7e-m/crt0.o
board_init                                        src/ASF/sam/boards/same70_xplained/init.o
cpu_irq_enter_critical                            src/ASF/common/utils/interrupt/interrupt_sam_nvic.o
cpu_irq_leave_critical                            src/ASF/common/utils/interrupt/interrupt_sam_nvic.o
exception_table                                   src/ASF/sam/utils/cmsis/same70/source/templates/gcc/startup_same70.o
exit                                              c:/program files (x86)/atmel/studio/7.0/toolchain/arm/arm-gnu-toolchain/bin/../lib/gcc/arm-none-eabi/6.3.1/../../../../arm-none-eabi/lib/thumb/v7e-m\libc.a(lib_a-exit.o)
                                                  c:/program files (x86)/atmel/studio/7.0/toolchain/arm/arm-gnu-toolchain/bin/../lib/gcc/arm-none-eabi/6.3.1/../../../../arm-none-eabi/lib/thumb/v7e-m/crt0.o
free                                              c:/program files (x86)/atmel/studio/7.0/toolchain/arm/arm-gnu-toolchain/bin/../lib/gcc/arm-none-eabi/6.3.1/../../../../arm-none-eabi/lib/thumb/v7e-m\libc.a(lib_a-__call_atexit.o)
g_interrupt_enabled                               src/ASF/common/utils/interrupt/interrupt_sam_nvic.o
                                                  src/ASF/sam/utils/cmsis/same70/source/templates/gcc/startup_same70.o
                                                  src/ASF/sam/drivers/pmc/sleep.o
                                                  src/ASF/sam/drivers/mpu/mpu.o
hardware_init_hook                                c:/program files (x86)/atmel/studio/7.0/toolchain/arm/arm-gnu-toolchain/bin/../lib/gcc/arm-none-eabi/6.3.1/../../../../arm-none-eabi/lib/thumb/v7e-m/crt0.o
link                                              src/ASF/sam/utils/syscalls/gcc/syscalls.o
main                                              src/rtt_example.o
                                                  src/ASF/sam/utils/cmsis/same70/source/templates/gcc/startup_same70.o
                                                  c:/program files (x86)/atmel/studio/7.0/toolchain/arm/arm-gnu-toolchain/bin/../lib/gcc/arm-none-eabi/6.3.1/../../../../arm-none-eabi/lib/thumb/v7e-m/crt0.o
malloc                                            c:/program files (x86)/atmel/studio/7.0/toolchain/arm/arm-gnu-toolchain/bin/../lib/gcc/arm-none-eabi/6.3.1/../../../../arm-none-eabi/lib/thumb/v7e-m\libc.a(lib_a-__atexit.o)
memset                                            c:/program files (x86)/atmel/studio/7.0/toolchain/arm/arm-gnu-toolchain/bin/../lib/gcc/arm-none-eabi/6.3.1/../../../../arm-none-eabi/lib/thumb/v7e-m\libc.a(lib_a-memset.o)
                                                  c:/program files (x86)/atmel/studio/7.0/toolchain/arm/arm-gnu-toolchain/bin/../lib/gcc/arm-none-eabi/6.3.1/../../../../arm-none-eabi/lib/thumb/v7e-m/crt0.o
mpu_cal_mpu_region_size                           src/ASF/sam/drivers/mpu/mpu.o
mpu_disable_region                                src/ASF/sam/drivers/mpu/mpu.o
mpu_enable                                        src/ASF/sam/drivers/mpu/mpu.o
mpu_set_region                                    src/ASF/sam/drivers/mpu/mpu.o
mpu_set_region_num                                src/ASF/sam/drivers/mpu/mpu.o
mpu_update_regions                                src/ASF/sam/drivers/mpu/mpu.o
pin_toggle                                        src/rtt_example.o
pio_capture_disable                               src/ASF/sam/drivers/pio/pio.o
pio_capture_disable_interrupt                     src/ASF/sam/drivers/pio/pio.o
pio_capture_enable                                src/ASF/sam/drivers/pio/pio.o
pio_capture_enable_flag                           src/ASF/sam/drivers/pio/pio.o
pio_capture_enable_interrupt                      src/ASF/sam/drivers/pio/pio.o
pio_capture_get_interrupt_mask                    src/ASF/sam/drivers/pio/pio.o
pio_capture_get_interrupt_status                  src/ASF/sam/drivers/pio/pio.o
pio_capture_read                                  src/ASF/sam/drivers/pio/pio.o
pio_capture_set_mode                              src/ASF/sam/drivers/pio/pio.o
pio_clear                                         src/ASF/sam/drivers/pio/pio.o
                                                  src/rtt_example.o
pio_configure                                     src/ASF/sam/drivers/pio/pio.o
pio_configure_interrupt                           src/ASF/sam/drivers/pio/pio.o
                                                  src/ASF/sam/drivers/pio/pio_handler.o
pio_configure_pin                                 src/ASF/sam/drivers/pio/pio.o
pio_configure_pin_group                           src/ASF/sam/drivers/pio/pio.o
pio_disable_interrupt                             src/ASF/sam/drivers/pio/pio.o
                                                  src/ASF/sam/drivers/pio/pio_handler.o
pio_disable_output_write                          src/ASF/sam/drivers/pio/pio.o
pio_disable_pin_interrupt                         src/ASF/sam/drivers/pio/pio.o
pio_enable_interrupt                              src/ASF/sam/drivers/pio/pio.o
                                                  src/ASF/sam/drivers/pio/pio_handler.o
pio_enable_output_write                           src/ASF/sam/drivers/pio/pio.o
pio_enable_pin_interrupt                          src/ASF/sam/drivers/pio/pio.o
pio_get                                           src/ASF/sam/drivers/pio/pio.o
pio_get_interrupt_mask                            src/ASF/sam/drivers/pio/pio.o
                                                  src/ASF/sam/drivers/pio/pio_handler.o
pio_get_interrupt_status                          src/ASF/sam/drivers/pio/pio.o
                                                  src/ASF/sam/drivers/pio/pio_handler.o
pio_get_multi_driver_status                       src/ASF/sam/drivers/pio/pio.o
pio_get_output_data_status                        src/ASF/sam/drivers/pio/pio.o
                                                  src/rtt_example.o
pio_get_output_write_status                       src/ASF/sam/drivers/pio/pio.o
pio_get_pin_group                                 src/ASF/sam/drivers/pio/pio.o
                                                  src/ASF/sam/drivers/pio/pio_handler.o
pio_get_pin_group_id                              src/ASF/sam/drivers/pio/pio.o
                                                  src/ASF/sam/drivers/pio/pio_handler.o
pio_get_pin_group_mask                            src/ASF/sam/drivers/pio/pio.o
                                                  src/ASF/sam/drivers/pio/pio_handler.o
pio_get_pin_value                                 src/ASF/sam/drivers/pio/pio.o
pio_get_schmitt_trigger                           src/ASF/sam/drivers/pio/pio.o
pio_get_writeprotect_status                       src/ASF/sam/drivers/pio/pio.o
pio_handler_process                               src/ASF/sam/drivers/pio/pio_handler.o
pio_handler_set                                   src/ASF/sam/drivers/pio/pio_handler.o
pio_handler_set_pin                               src/ASF/sam/drivers/pio/pio_handler.o
pio_handler_set_priority                          src/ASF/sam/drivers/pio/pio_handler.o
pio_pull_down                                     src/ASF/sam/drivers/pio/pio.o
pio_pull_up                                       src/ASF/sam/drivers/pio/pio.o
pio_set                                           src/ASF/sam/drivers/pio/pio.o
                                                  src/rtt_example.o
pio_set_additional_interrupt_mode                 src/ASF/sam/drivers/pio/pio.o
pio_set_debounce_filter                           src/ASF/sam/drivers/pio/pio.o
pio_set_input                                     src/ASF/sam/drivers/pio/pio.o
pio_set_io_drive                                  src/ASF/sam/drivers/pio/pio.o
pio_set_multi_driver                              src/ASF/sam/drivers/pio/pio.o
pio_set_output                                    src/ASF/sam/drivers/pio/pio.o
                                                  src/rtt_example.o
pio_set_peripheral                                src/ASF/sam/drivers/pio/pio.o
pio_set_pin_group_high                            src/ASF/sam/drivers/pio/pio.o
pio_set_pin_group_low                             src/ASF/sam/drivers/pio/pio.o
pio_set_pin_high                                  src/ASF/sam/drivers/pio/pio.o
pio_set_pin_low                                   src/ASF/sam/drivers/pio/pio.o
pio_set_schmitt_trigger                           src/ASF/sam/drivers/pio/pio.o
pio_set_writeprotect                              src/ASF/sam/drivers/pio/pio.o
pio_sync_output_write                             src/ASF/sam/drivers/pio/pio.o
pio_toggle_pin                                    src/ASF/sam/drivers/pio/pio.o
pio_toggle_pin_group                              src/ASF/sam/drivers/pio/pio.o
pmc_clr_fast_startup_input                        src/ASF/sam/drivers/pmc/pmc.o
pmc_disable_all_pck                               src/ASF/sam/drivers/pmc/pmc.o
pmc_disable_all_periph_clk                        src/ASF/sam/drivers/pmc/pmc.o
pmc_disable_clock_failure_detector                src/ASF/sam/drivers/pmc/pmc.o
pmc_disable_interrupt                             src/ASF/sam/drivers/pmc/pmc.o
pmc_disable_pck                                   src/ASF/sam/drivers/pmc/pmc.o
pmc_disable_periph_clk                            src/ASF/sam/drivers/pmc/pmc.o
pmc_disable_pllack                                src/ASF/sam/drivers/pmc/pmc.o
                                                  src/ASF/sam/drivers/pmc/sleep.o
                                                  src/ASF/common/services/clock/same70/sysclk.o
pmc_disable_sclk_osc_freq_monitor                 src/ASF/sam/drivers/pmc/pmc.o
pmc_disable_sleepwalking                          src/ASF/sam/drivers/pmc/pmc.o
pmc_disable_udpck                                 src/ASF/sam/drivers/pmc/pmc.o
                                                  src/ASF/common/services/clock/same70/sysclk.o
pmc_disable_upll_clock                            src/ASF/sam/drivers/pmc/pmc.o
pmc_enable_all_pck                                src/ASF/sam/drivers/pmc/pmc.o
pmc_enable_all_periph_clk                         src/ASF/sam/drivers/pmc/pmc.o
pmc_enable_backupmode                             src/ASF/sam/drivers/pmc/pmc.o
pmc_enable_clock_failure_detector                 src/ASF/sam/drivers/pmc/pmc.o
pmc_enable_interrupt                              src/ASF/sam/drivers/pmc/pmc.o
pmc_enable_pck                                    src/ASF/sam/drivers/pmc/pmc.o
pmc_enable_periph_clk                             src/ASF/sam/drivers/pmc/pmc.o
                                                  src/rtt_example.o
                                                  src/ASF/sam/boards/same70_xplained/init.o
pmc_enable_pllack                                 src/ASF/sam/drivers/pmc/pmc.o
pmc_enable_sclk_osc_freq_monitor                  src/ASF/sam/drivers/pmc/pmc.o
pmc_enable_sleepmode                              src/ASF/sam/drivers/pmc/pmc.o
pmc_enable_sleepwalking                           src/ASF/sam/drivers/pmc/pmc.o
pmc_enable_udpck                                  src/ASF/sam/drivers/pmc/pmc.o
                                                  src/ASF/common/services/clock/same70/sysclk.o
pmc_enable_upll_clock                             src/ASF/sam/drivers/pmc/pmc.o
                                                  src/ASF/common/services/clock/same70/sysclk.o
pmc_enable_waitmode                               src/ASF/sam/drivers/pmc/pmc.o
                                                  src/ASF/sam/drivers/pmc/sleep.o
pmc_get_active_status0                            src/ASF/sam/drivers/pmc/pmc.o
pmc_get_active_status1                            src/ASF/sam/drivers/pmc/pmc.o
pmc_get_interrupt_mask                            src/ASF/sam/drivers/pmc/pmc.o
pmc_get_sleepwalking_status0                      src/ASF/sam/drivers/pmc/pmc.o
pmc_get_sleepwalking_status1                      src/ASF/sam/drivers/pmc/pmc.o
pmc_get_status                                    src/ASF/sam/drivers/pmc/pmc.o
pmc_get_writeprotect_status                       src/ASF/sam/drivers/pmc/pmc.o
pmc_is_locked_pllack                              src/ASF/sam/drivers/pmc/pmc.o
                                                  src/ASF/common/services/clock/same70/sysclk.o
pmc_is_locked_upll                                src/ASF/sam/drivers/pmc/pmc.o
pmc_is_pck_enabled                                src/ASF/sam/drivers/pmc/pmc.o
pmc_is_periph_clk_enabled                         src/ASF/sam/drivers/pmc/pmc.o
pmc_is_wakeup_clocks_restored                     src/ASF/sam/drivers/pmc/sleep.o
pmc_mainck_osc_select                             src/ASF/sam/drivers/pmc/pmc.o
pmc_mck_set_division                              src/ASF/sam/drivers/pmc/pmc.o
                                                  src/ASF/common/services/clock/same70/sysclk.o
pmc_mck_set_prescaler                             src/ASF/sam/drivers/pmc/pmc.o
                                                  src/ASF/common/services/clock/same70/sysclk.o
pmc_mck_set_source                                src/ASF/sam/drivers/pmc/pmc.o
                                                  src/ASF/common/services/clock/same70/sysclk.o
pmc_osc_bypass_main_xtal                          src/ASF/sam/drivers/pmc/pmc.o
pmc_osc_disable_fastrc                            src/ASF/sam/drivers/pmc/pmc.o
pmc_osc_disable_main_xtal                         src/ASF/sam/drivers/pmc/pmc.o
pmc_osc_disable_xtal                              src/ASF/sam/drivers/pmc/pmc.o
pmc_osc_enable_fastrc                             src/ASF/sam/drivers/pmc/pmc.o
pmc_osc_enable_main_xtal                          src/ASF/sam/drivers/pmc/pmc.o
pmc_osc_is_bypassed_main_xtal                     src/ASF/sam/drivers/pmc/pmc.o
pmc_osc_is_ready_32kxtal                          src/ASF/sam/drivers/pmc/pmc.o
pmc_osc_is_ready_fastrc                           src/ASF/sam/drivers/pmc/pmc.o
pmc_osc_is_ready_main_xtal                        src/ASF/sam/drivers/pmc/pmc.o
pmc_osc_is_ready_mainck                           src/ASF/sam/drivers/pmc/pmc.o
                                                  src/ASF/common/services/clock/same70/sysclk.o
pmc_pck_set_prescaler                             src/ASF/sam/drivers/pmc/pmc.o
pmc_pck_set_source                                src/ASF/sam/drivers/pmc/pmc.o
pmc_set_fast_startup_input                        src/ASF/sam/drivers/pmc/pmc.o
                                                  src/rtt_example.o
pmc_set_flash_in_wait_mode                        src/ASF/sam/drivers/pmc/pmc.o
                                                  src/ASF/sam/drivers/pmc/sleep.o
pmc_set_writeprotect                              src/ASF/sam/drivers/pmc/pmc.o
pmc_sleep                                         src/ASF/sam/drivers/pmc/sleep.o
                                                  src/rtt_example.o
pmc_switch_mainck_to_fastrc                       src/ASF/sam/drivers/pmc/pmc.o
pmc_switch_mainck_to_xtal                         src/ASF/sam/drivers/pmc/pmc.o
                                                  src/ASF/common/services/clock/same70/sysclk.o
pmc_switch_mck_to_mainck                          src/ASF/sam/drivers/pmc/pmc.o
pmc_switch_mck_to_pllack                          src/ASF/sam/drivers/pmc/pmc.o
                                                  src/ASF/common/services/clock/same70/sysclk.o
pmc_switch_mck_to_sclk                            src/ASF/sam/drivers/pmc/pmc.o
pmc_switch_mck_to_upllck                          src/ASF/sam/drivers/pmc/pmc.o
pmc_switch_pck_to_mainck                          src/ASF/sam/drivers/pmc/pmc.o
pmc_switch_pck_to_mck                             src/ASF/sam/drivers/pmc/pmc.o
pmc_switch_pck_to_pllack                          src/ASF/sam/drivers/pmc/pmc.o
pmc_switch_pck_to_sclk                            src/ASF/sam/drivers/pmc/pmc.o
pmc_switch_pck_to_upllck                          src/ASF/sam/drivers/pmc/pmc.o
pmc_switch_sclk_to_32kxtal                        src/ASF/sam/drivers/pmc/pmc.o
pmc_switch_udpck_to_pllack                        src/ASF/sam/drivers/pmc/pmc.o
pmc_switch_udpck_to_upllck                        src/ASF/sam/drivers/pmc/pmc.o
                                                  src/ASF/common/services/clock/same70/sysclk.o
pmc_wait_wakeup_clocks_restore                    src/ASF/sam/drivers/pmc/sleep.o
ptr_get                                           src/ASF/common/utils/stdio/read.o
ptr_put                                           src/ASF/common/utils/stdio/write.o
rtt_disable                                       src/ASF/sam/drivers/rtt/rtt.o
rtt_disable_interrupt                             src/ASF/sam/drivers/rtt/rtt.o
                                                  src/rtt_example.o
rtt_enable                                        src/ASF/sam/drivers/rtt/rtt.o
                                                  src/rtt_example.o
rtt_enable_interrupt                              src/ASF/sam/drivers/rtt/rtt.o
                                                  src/rtt_example.o
rtt_get_status                                    src/ASF/sam/drivers/rtt/rtt.o
                                                  src/rtt_example.o
rtt_init                                          src/ASF/sam/drivers/rtt/rtt.o
                                                  src/rtt_example.o
rtt_read_timer_value                              src/ASF/sam/drivers/rtt/rtt.o
                                                  src/rtt_example.o
rtt_sel_source                                    src/ASF/sam/drivers/rtt/rtt.o
rtt_write_alarm_time                              src/ASF/sam/drivers/rtt/rtt.o
                                                  src/rtt_example.o
software_init_hook                                c:/program files (x86)/atmel/studio/7.0/toolchain/arm/arm-gnu-toolchain/bin/../lib/gcc/arm-none-eabi/6.3.1/../../../../arm-none-eabi/lib/thumb/v7e-m/crt0.o
stdio_base                                        src/ASF/common/utils/stdio/write.o
                                                  src/ASF/common/utils/stdio/read.o
supc_backup_sram_off                              src/ASF/sam/drivers/supc/supc.o
supc_backup_sram_on                               src/ASF/sam/drivers/supc/supc.o
supc_disable_brownout_detector                    src/ASF/sam/drivers/supc/supc.o
supc_disable_brownout_reset                       src/ASF/sam/drivers/supc/supc.o
supc_disable_monitor_interrupt                    src/ASF/sam/drivers/supc/supc.o
supc_disable_monitor_reset                        src/ASF/sam/drivers/supc/supc.o
supc_disable_voltage_regulator                    src/ASF/sam/drivers/supc/supc.o
supc_enable_backup_mode                           src/ASF/sam/drivers/supc/supc.o
supc_enable_brownout_detector                     src/ASF/sam/drivers/supc/supc.o
supc_enable_brownout_reset                        src/ASF/sam/drivers/supc/supc.o
supc_enable_monitor_interrupt                     src/ASF/sam/drivers/supc/supc.o
supc_enable_monitor_reset                         src/ASF/sam/drivers/supc/supc.o
supc_enable_voltage_regulator                     src/ASF/sam/drivers/supc/supc.o
supc_get_status                                   src/ASF/sam/drivers/supc/supc.o
supc_set_monitor_sampling_period                  src/ASF/sam/drivers/supc/supc.o
supc_set_monitor_threshold                        src/ASF/sam/drivers/supc/supc.o
supc_set_wakeup_inputs                            src/ASF/sam/drivers/supc/supc.o
supc_set_wakeup_mode                              src/ASF/sam/drivers/supc/supc.o
                                                  src/rtt_example.o
supc_switch_sclk_to_32kxtal                       src/ASF/sam/drivers/supc/supc.o
sysclk_disable_usb                                src/ASF/common/services/clock/same70/sysclk.o
sysclk_enable_usb                                 src/ASF/common/services/clock/same70/sysclk.o
sysclk_init                                       src/ASF/common/services/clock/same70/sysclk.o
                                                  src/rtt_example.o